test\b1_00.png
Loading "?-mark" found:  27
0, 1, 2, 3, 4, 5, 6, 7, 8, 9, 10, 11, 12, 13, 14, 15, 16, 17, 18, 19, 20, 21, 22, 23, 24, 25, 26, 
Prediction: [0, 0, 0, 0, 0, 0, 0, 0, 0, 0, 0, 0, 0, 0, 0, 0, 0, 1, 0, 0, 1, 0, 0, 0, 1, 0, 1]
Location(s) [13.9, 15.6, 17.5, 19.0]
test\b1_01.png
Loading "?-mark" found:  24
0, 1, 2, 3, 4, 5, 6, 7, 8, 9, 10, 11, 12, 13, 14, 15, 16, 17, 18, 19, 20, 21, 22, 23, 
Prediction: [1, 0, 1, 0, 1, 0, 1, 0, 1, 0, 1, 0, 1, 0, 1, 0, 1, 0, 0, 0, 0, 0, 0, 0]
Location(s) [0.5, 2.2, 3.8, 5.3, 6.9, 8.6, 10.0, 11.6, 13.2]
test\b1_02.png
Loading "?-mark" found:  30
0, 1, 2, 3, 4, 5, 6, 7, 8, 9, 10, 11, 12, 13, 14, 15, 16, 17, 18, 19, 20, 21, 22, 23, 24, 25, 26, 27, 28, 29, 
Prediction: [0, 0, 0, 0, 1, 0, 1, 1, 1, 1, 1, 0, 0, 1, 0, 0, 0, 0, 0, 0, 1, 0, 0, 0, 1, 1, 0, 0, 0, 1]
Location(s) [3.6, 3.9, 4.6, 4.7, 5.2, 5.4, 7.1, 11.8, 15.2, 15.9, 19.7]
test\b1_03.png
Loading "?-mark" found:  24
0, 1, 2, 3, 4, 5, 6, 7, 8, 9, 10, 11, 12, 13, 14, 15, 16, 17, 18, 19, 20, 21, 22, 23, 
Prediction: [0, 0, 0, 0, 1, 0, 0, 0, 1, 0, 1, 0, 0, 0, 0, 0, 0, 0, 0, 0, 0, 0, 0, 0]
Location(s) [3.3, 6.7, 8.4]
test\b1_04.png
Loading "?-mark" found:  26
0, 1, 2, 3, 4, 5, 6, 7, 8, 9, 10, 11, 12, 13, 14, 15, 16, 17, 18, 19, 20, 21, 22, 23, 24, 25, 
Prediction: [0, 0, 0, 1, 0, 0, 0, 0, 0, 0, 1, 0, 1, 0, 0, 0, 1, 1, 0, 1, 1, 0, 1, 0, 1, 0]
Location(s) [2.7, 8.5, 10.1, 13.3, 14.0, 15.1, 16.0, 16.7, 18.4]
test\b1_05.png
Loading "?-mark" found:  24
0, 1, 2, 3, 4, 5, 6, 7, 8, 9, 10, 11, 12, 13, 14, 15, 16, 17, 18, 19, 20, 21, 22, 23, 
Prediction: [1, 0, 1, 1, 0, 1, 0, 1, 0, 1, 0, 1, 0, 1, 0, 0, 0, 1, 0, 0, 0, 0, 0, 0]
Location(s) [0.2, 1.6, 1.9, 3.6, 5.6, 7.5, 9.0, 11.1, 13.0]
test\b1_06.png
Loading "?-mark" found:  22
0, 1, 2, 3, 4, 5, 6, 7, 8, 9, 10, 11, 12, 13, 14, 15, 16, 17, 18, 19, 20, 21, 
Prediction: [0, 0, 0, 0, 0, 0, 0, 0, 0, 1, 0, 1, 0, 1, 0, 1, 0, 0, 0, 0, 0, 0]
Location(s) [9.2, 10.9, 12.6, 14.5]
test\b1_07.png
Loading "?-mark" found:  24
0, 1, 2, 3, 4, 5, 6, 7, 8, 9, 10, 11, 12, 13, 14, 15, 16, 17, 18, 19, 20, 21, 22, 23, 
Prediction: [0, 0, 0, 0, 0, 1, 0, 1, 0, 1, 0, 0, 0, 1, 0, 0, 0, 0, 0, 1, 0, 0, 0, 0]
Location(s) [4.2, 5.9, 7.7, 11.0, 16.2]
test\b1_08.png
Loading "?-mark" found:  24
0, 1, 2, 3, 4, 5, 6, 7, 8, 9, 10, 11, 12, 13, 14, 15, 16, 17, 18, 19, 20, 21, 22, 23, 
Prediction: [0, 0, 0, 1, 1, 0, 0, 0, 0, 0, 1, 0, 1, 0, 0, 0, 1, 0, 0, 0, 0, 1, 0, 1]
Location(s) [2.6, 3.2, 8.2, 9.9, 13.7, 18.2, 19.4]
test\b1_09.png
Loading "?-mark" found:  25
0, 1, 2, 3, 4, 5, 6, 7, 8, 9, 10, 11, 12, 13, 14, 15, 16, 17, 18, 19, 20, 21, 22, 23, 24, 
Prediction: [0, 0, 0, 1, 0, 0, 0, 0, 0, 0, 0, 0, 0, 0, 0, 0, 1, 1, 0, 0, 0, 0, 0, 0, 0]
Location(s) [2.4, 12.6, 12.9]
test\b1_10.png
Loading "?-mark" found:  23
0, 1, 2, 3, 4, 5, 6, 7, 8, 9, 10, 11, 12, 13, 14, 15, 16, 17, 18, 19, 20, 21, 22, 
Prediction: [1, 0, 0, 0, 0, 0, 0, 0, 1, 0, 0, 0, 0, 0, 0, 0, 0, 0, 1, 0, 1, 0, 0]
Location(s) [0.7, 7.6, 16.1, 17.7]
test\b1_11.png
Loading "?-mark" found:  23
0, 1, 2, 3, 4, 5, 6, 7, 8, 9, 10, 11, 12, 13, 14, 15, 16, 17, 18, 19, 20, 21, 22, 
Prediction: [0, 1, 0, 0, 0, 0, 0, 0, 0, 0, 1, 0, 1, 0, 0, 0, 0, 0, 1, 0, 0, 0, 0]
Location(s) [1.0, 8.4, 10.1, 15.3]
test\b1_12.png
Loading "?-mark" found:  22
0, 1, 2, 3, 4, 5, 6, 7, 8, 9, 10, 11, 12, 13, 14, 15, 16, 17, 18, 19, 20, 21, 
Prediction: [0, 0, 0, 0, 0, 0, 0, 0, 0, 0, 0, 1, 0, 0, 0, 0, 0, 0, 0, 0, 0, 0]
Location(s) [10.6]
test\b1_13.png
Loading "?-mark" found:  25
0, 1, 2, 3, 4, 5, 6, 7, 8, 9, 10, 11, 12, 13, 14, 15, 16, 17, 18, 19, 20, 21, 22, 23, 24, 
Prediction: [0, 0, 0, 0, 0, 0, 1, 0, 0, 0, 0, 0, 0, 0, 0, 0, 0, 0, 0, 1, 1, 1, 1, 0, 0]
Location(s) [5.3, 15.8, 16.1, 17.2, 17.8]
test\b1_14.png
Loading "?-mark" found:  26
0, 1, 2, 3, 4, 5, 6, 7, 8, 9, 10, 11, 12, 13, 14, 15, 16, 17, 18, 19, 20, 21, 22, 23, 24, 25, 
Prediction: [0, 0, 0, 0, 0, 0, 0, 0, 0, 0, 0, 0, 0, 1, 0, 0, 0, 1, 0, 1, 0, 0, 0, 0, 0, 0]
Location(s) [10.2, 12.6, 14.6]
test\b1_15.png
Loading "?-mark" found:  27
0, 1, 2, 3, 4, 5, 6, 7, 8, 9, 10, 11, 12, 13, 14, 15, 16, 17, 18, 19, 20, 21, 22, 23, 24, 25, 26, 
Prediction: [0, 0, 0, 0, 1, 0, 1, 0, 0, 1, 0, 1, 1, 0, 0, 0, 0, 0, 0, 0, 1, 0, 0, 0, 0, 0, 0]
Location(s) [3.6, 5.1, 7.2, 8.4, 8.6, 14.7]
test\b1_16.png
Loading "?-mark" found:  27
0, 1, 2, 3, 4, 5, 6, 7, 8, 9, 10, 11, 12, 13, 14, 15, 16, 17, 18, 19, 20, 21, 22, 23, 24, 25, 26, 
Prediction: [0, 0, 1, 0, 0, 0, 0, 0, 0, 0, 0, 1, 0, 0, 0, 0, 0, 0, 0, 0, 0, 0, 0, 0, 0, 0, 0]
Location(s) [1.7, 7.5]
test\b1_17.png
Loading "?-mark" found:  23
0, 1, 2, 3, 4, 5, 6, 7, 8, 9, 10, 11, 12, 13, 14, 15, 16, 17, 18, 19, 20, 21, 22, 
Prediction: [0, 0, 1, 0, 1, 0, 1, 0, 1, 0, 1, 0, 1, 0, 1, 0, 1, 0, 1, 0, 1, 0, 1]
Location(s) [2.0, 3.7, 5.3, 6.9, 8.5, 10.1, 11.9, 13.4, 15.1, 17.3, 19.0]
test\b1_18.png
Loading "?-mark" found:  21
0, 1, 2, 3, 4, 5, 6, 7, 8, 9, 10, 11, 12, 13, 14, 15, 16, 17, 18, 19, 20, 
Prediction: [1, 0, 1, 0, 1, 0, 1, 0, 1, 0, 1, 0, 1, 0, 1, 0, 1, 0, 1, 0, 1]
Location(s) [0.7, 3.1, 4.8, 6.4, 8.3, 10.3, 12.1, 13.9, 15.9, 17.6, 19.3]
test\b1_19.png
Loading "?-mark" found:  23
0, 1, 2, 3, 4, 5, 6, 7, 8, 9, 10, 11, 12, 13, 14, 15, 16, 17, 18, 19, 20, 21, 22, 
Prediction: [0, 1, 0, 1, 0, 1, 0, 1, 0, 1, 0, 1, 0, 1, 0, 1, 0, 1, 0, 1, 0, 1, 0]
Location(s) [1.1, 3.0, 4.5, 6.2, 8.1, 9.7, 11.4, 13.2, 14.9, 16.5, 18.2]
test\b1_20.png
Loading "?-mark" found:  23
0, 1, 2, 3, 4, 5, 6, 7, 8, 9, 10, 11, 12, 13, 14, 15, 16, 17, 18, 19, 20, 21, 22, 
Prediction: [0, 1, 0, 1, 0, 1, 0, 1, 0, 1, 0, 1, 0, 1, 0, 1, 0, 1, 0, 1, 0, 1, 0]
Location(s) [1.6, 3.3, 5.0, 6.7, 8.3, 10.1, 11.7, 13.4, 15.0, 16.7, 18.5]
test\b1_21.png
Loading "?-mark" found:  22
0, 1, 2, 3, 4, 5, 6, 7, 8, 9, 10, 11, 12, 13, 14, 15, 16, 17, 18, 19, 20, 21, 
Prediction: [0, 1, 0, 1, 0, 1, 0, 1, 0, 1, 0, 0, 0, 0, 0, 0, 1, 0, 0, 0, 0, 0]
Location(s) [1.8, 3.7, 5.4, 7.0, 8.9, 15.0]
test\b1_22.png
Loading "?-mark" found:  23
0, 1, 2, 3, 4, 5, 6, 7, 8, 9, 10, 11, 12, 13, 14, 15, 16, 17, 18, 19, 20, 21, 22, 
Prediction: [1, 0, 1, 0, 0, 0, 0, 0, 1, 0, 0, 0, 0, 0, 1, 0, 0, 0, 0, 0, 0, 1, 0]
Location(s) [0.2, 1.9, 7.0, 12.1, 18.1]
test\b1_23.png
Loading "?-mark" found:  23
0, 1, 2, 3, 4, 5, 6, 7, 8, 9, 10, 11, 12, 13, 14, 15, 16, 17, 18, 19, 20, 21, 22, 
Prediction: [0, 0, 0, 1, 0, 0, 0, 0, 0, 0, 1, 0, 0, 0, 0, 0, 0, 0, 0, 0, 0, 0, 0]
Location(s) [3.0, 9.0]
test\b1_24.png
Loading "?-mark" found:  22
0, 1, 2, 3, 4, 5, 6, 7, 8, 9, 10, 11, 12, 13, 14, 15, 16, 17, 18, 19, 20, 21, 
Prediction: [0, 0, 0, 0, 0, 1, 0, 1, 0, 1, 0, 1, 0, 1, 0, 1, 0, 1, 0, 1, 0, 1]
Location(s) [4.6, 6.4, 8.3, 10.1, 11.9, 14.0, 16.0, 17.7, 19.7]
test\b1_25.png
Loading "?-mark" found:  22
0, 1, 2, 3, 4, 5, 6, 7, 8, 9, 10, 11, 12, 13, 14, 15, 16, 17, 18, 19, 20, 21, 
Prediction: [0, 1, 0, 1, 0, 1, 0, 1, 0, 1, 0, 1, 0, 1, 0, 1, 0, 1, 0, 1, 0, 1]
Location(s) [1.5, 3.2, 5.2, 7.1, 8.8, 10.6, 12.5, 14.3, 15.9, 17.8, 19.6]
test\b1_26.png
Loading "?-mark" found:  23
0, 1, 2, 3, 4, 5, 6, 7, 8, 9, 10, 11, 12, 13, 14, 15, 16, 17, 18, 19, 20, 21, 22, 
Prediction: [0, 1, 0, 0, 0, 0, 0, 0, 0, 0, 0, 0, 0, 0, 1, 0, 1, 0, 0, 0, 0, 0, 0]
Location(s) [1.2, 12.6, 14.2]
test\b1_27.png
Loading "?-mark" found:  22
0, 1, 2, 3, 4, 5, 6, 7, 8, 9, 10, 11, 12, 13, 14, 15, 16, 17, 18, 19, 20, 21, 
Prediction: [0, 0, 0, 1, 0, 1, 0, 0, 0, 0, 0, 0, 0, 0, 1, 0, 0, 0, 0, 1, 0, 0]
Location(s) [3.7, 5.4, 13.4, 17.8]
test\b1_28.png
Loading "?-mark" found:  23
0, 1, 2, 3, 4, 5, 6, 7, 8, 9, 10, 11, 12, 13, 14, 15, 16, 17, 18, 19, 20, 21, 22, 
Prediction: [0, 0, 1, 0, 0, 0, 0, 0, 0, 0, 0, 1, 0, 1, 0, 0, 0, 0, 1, 0, 0, 0, 0]
Location(s) [2.2, 9.7, 11.4, 15.6]
test\b1_29.png
Loading "?-mark" found:  23
0, 1, 2, 3, 4, 5, 6, 7, 8, 9, 10, 11, 12, 13, 14, 15, 16, 17, 18, 19, 20, 21, 22, 
Prediction: [0, 0, 0, 0, 0, 1, 0, 1, 0, 0, 0, 0, 0, 0, 0, 0, 0, 0, 0, 0, 0, 0, 0]
Location(s) [4.8, 6.6]
test\b1_30.png
Loading "?-mark" found:  23
0, 1, 2, 3, 4, 5, 6, 7, 8, 9, 10, 11, 12, 13, 14, 15, 16, 17, 18, 19, 20, 21, 22, 
Prediction: [0, 0, 0, 0, 0, 0, 1, 0, 0, 0, 1, 0, 1, 0, 1, 0, 0, 1, 0, 0, 0, 0, 0]
Location(s) [5.8, 9.4, 11.1, 12.7, 14.6]
test\b1_31.png
Loading "?-mark" found:  23
0, 1, 2, 3, 4, 5, 6, 7, 8, 9, 10, 11, 12, 13, 14, 15, 16, 17, 18, 19, 20, 21, 22, 
Prediction: [0, 1, 0, 0, 0, 0, 0, 0, 0, 0, 0, 0, 1, 0, 0, 0, 0, 0, 0, 0, 0, 0, 0]
Location(s) [0.8, 10.3]
test\b1_32.png
Loading "?-mark" found:  22

0, 1, 2, 3, 4, 5, 6, 7, 8, 9, 10, 11, 12, 13, 14, 15, 16, 17, 18, 19, 20, 21, 
Prediction: [0, 0, 0, 0, 0, 0, 0, 0, 1, 0, 1, 0, 0, 0, 0, 0, 0, 0, 0, 0, 0, 0]
Location(s) [7.6, 9.3]
test\b1_33.png
Loading "?-mark" found:  22
0, 1, 2, 3, 4, 5, 6, 7, 8, 9, 10, 11, 12, 13, 14, 15, 16, 17, 18, 19, 20, 21, 
Prediction: [0, 0, 0, 0, 0, 1, 0, 0, 0, 0, 0, 0, 1, 0, 0, 0, 1, 0, 1, 0, 1, 0]
Location(s) [5.0, 11.1, 14.8, 16.5, 18.3]
test\b1_34.png
Loading "?-mark" found:  22
0, 1, 2, 3, 4, 5, 6, 7, 8, 9, 10, 11, 12, 13, 14, 15, 16, 17, 18, 19, 20, 21, 
Prediction: [0, 0, 0, 0, 0, 0, 0, 0, 0, 0, 0, 0, 0, 0, 1, 0, 1, 0, 1, 0, 1, 0]
Location(s) [13.4, 15.0, 16.7, 18.5]
test\b1_35.png
Loading "?-mark" found:  22
0, 1, 2, 3, 4, 5, 6, 7, 8, 9, 10, 11, 12, 13, 14, 15, 16, 17, 18, 19, 20, 21, 
Prediction: [0, 1, 0, 1, 0, 1, 0, 1, 0, 1, 0, 1, 0, 1, 0, 1, 0, 0, 0, 0, 0, 0]
Location(s) [1.8, 3.5, 5.2, 6.9, 8.7, 10.4, 12.1, 13.8]
test\b1_36.png
Loading "?-mark" found:  23
0, 1, 2, 3, 4, 5, 6, 7, 8, 9, 10, 11, 12, 13, 14, 15, 16, 17, 18, 19, 20, 21, 22, 
Prediction: [0, 0, 0, 0, 0, 1, 0, 0, 0, 0, 0, 0, 1, 0, 0, 0, 0, 0, 0, 0, 0, 0, 1]
Location(s) [4.7, 10.9, 19.8]
test\b1_37.png
Loading "?-mark" found:  22
0, 1, 2, 3, 4, 5, 6, 7, 8, 9, 10, 11, 12, 13, 14, 15, 16, 17, 18, 19, 20, 21, 
Prediction: [0, 0, 0, 0, 0, 0, 0, 0, 0, 0, 0, 0, 0, 0, 1, 0, 0, 0, 0, 0, 0, 0]
Location(s) [13.2]
test\b1_38.png
Loading "?-mark" found:  22
0, 1, 2, 3, 4, 5, 6, 7, 8, 9, 10, 11, 12, 13, 14, 15, 16, 17, 18, 19, 20, 21, 
Prediction: [0, 1, 0, 1, 0, 1, 0, 1, 0, 1, 0, 1, 0, 1, 0, 1, 0, 1, 0, 1, 0, 1]
Location(s) [1.0, 2.9, 4.9, 6.5, 8.3, 10.3, 12.0, 13.7, 15.5, 17.4, 19.0]
test\b1_39.png
Loading "?-mark" found:  22
0, 1, 2, 3, 4, 5, 6, 7, 8, 9, 10, 11, 12, 13, 14, 15, 16, 17, 18, 19, 20, 21, 
Prediction: [1, 0, 1, 0, 1, 0, 1, 0, 1, 0, 1, 0, 1, 0, 1, 0, 1, 0, 0, 0, 0, 0]
Location(s) [0.6, 2.5, 4.2, 5.9, 8.0, 9.7, 11.4, 13.3, 15.1]
test\b1_40.png
Loading "?-mark" found:  23
0, 1, 2, 3, 4, 5, 6, 7, 8, 9, 10, 11, 12, 13, 14, 15, 16, 17, 18, 19, 20, 21, 22, 
Prediction: [0, 1, 0, 0, 0, 0, 0, 0, 1, 0, 0, 0, 0, 0, 0, 0, 0, 0, 0, 0, 0, 0, 0]
Location(s) [1.3, 7.3]
test\b1_41.png
Loading "?-mark" found:  23
0, 1, 2, 3, 4, 5, 6, 7, 8, 9, 10, 11, 12, 13, 14, 15, 16, 17, 18, 19, 20, 21, 22, 
Prediction: [0, 0, 0, 0, 0, 0, 0, 0, 0, 0, 0, 0, 0, 1, 0, 0, 0, 0, 0, 0, 0, 0, 0]
Location(s) [11.1]
test\b1_42.png
Loading "?-mark" found:  22
0, 1, 2, 3, 4, 5, 6, 7, 8, 9, 10, 11, 12, 13, 14, 15, 16, 17, 18, 19, 20, 21, 
Prediction: [0, 0, 0, 0, 0, 0, 0, 0, 0, 0, 0, 0, 0, 0, 0, 0, 0, 1, 0, 0, 0, 0]
Location(s) [15.7]
test\b1_43.png
Loading "?-mark" found:  22
0, 1, 2, 3, 4, 5, 6, 7, 8, 9, 10, 11, 12, 13, 14, 15, 16, 17, 18, 19, 20, 21, 
Prediction: [0, 0, 0, 0, 1, 0, 0, 0, 0, 0, 0, 0, 0, 0, 0, 0, 0, 0, 0, 0, 0, 0]
Location(s) [3.9]
test\b1_44.png
Loading "?-mark" found:  23
0, 1, 2, 3, 4, 5, 6, 7, 8, 9, 10, 11, 12, 13, 14, 15, 16, 17, 18, 19, 20, 21, 22, 
Prediction: [0, 0, 0, 0, 1, 0, 0, 0, 0, 0, 0, 0, 0, 0, 0, 0, 0, 0, 0, 0, 0, 0, 0]
Location(s) [3.7]
test\b1_45.png
Loading "?-mark" found:  21
0, 1, 2, 3, 4, 5, 6, 7, 8, 9, 10, 11, 12, 13, 14, 15, 16, 17, 18, 19, 20, 
Prediction: [0, 0, 0, 0, 0, 0, 0, 0, 0, 0, 0, 0, 0, 0, 0, 0, 1, 0, 0, 0, 0]
Location(s) [15.0]
test\b1_46.png
Loading "?-mark" found:  21
0, 1, 2, 3, 4, 5, 6, 7, 8, 9, 10, 11, 12, 13, 14, 15, 16, 17, 18, 19, 20, 
Prediction: [0, 0, 0, 0, 0, 0, 0, 0, 0, 0, 0, 0, 0, 0, 0, 0, 0, 0, 0, 0, 0]
Location(s) []
test\b1_47.png
Loading "?-mark" found:  22
0, 1, 2, 3, 4, 5, 6, 7, 8, 9, 10, 11, 12, 13, 14, 15, 16, 17, 18, 19, 20, 21, 
Prediction: [0, 0, 0, 0, 0, 0, 1, 0, 0, 0, 0, 0, 0, 0, 0, 0, 0, 0, 0, 0, 0, 0]
Location(s) [5.8]
test\b1_48.png
Loading "?-mark" found:  23
0, 1, 2, 3, 4, 5, 6, 7, 8, 9, 10, 11, 12, 13, 14, 15, 16, 17, 18, 19, 20, 21, 22, 
Prediction: [0, 1, 0, 0, 0, 0, 0, 0, 0, 0, 0, 0, 0, 0, 0, 0, 0, 0, 0, 0, 0, 0, 0]
Location(s) [0.9]
test\b1_49.png
Loading "?-mark" found:  22
0, 1, 2, 3, 4, 5, 6, 7, 8, 9, 10, 11, 12, 13, 14, 15, 16, 17, 18, 19, 20, 21, 
Prediction: [0, 0, 0, 0, 0, 0, 0, 0, 0, 0, 0, 0, 0, 0, 0, 1, 0, 0, 0, 0, 0, 0]
Location(s) [14.0]
test\b1_50.png
Loading "?-mark" found:  22
0, 1, 2, 3, 4, 5, 6, 7, 8, 9, 10, 11, 12, 13, 14, 15, 16, 17, 18, 19, 20, 21, 
Prediction: [0, 0, 0, 0, 0, 0, 1, 0, 0, 0, 0, 0, 0, 1, 0, 0, 0, 0, 0, 0, 0, 0]
Location(s) [5.6, 11.9]
test\b1_51.png
Loading "?-mark" found:  22
0, 1, 2, 3, 4, 5, 6, 7, 8, 9, 10, 11, 12, 13, 14, 15, 16, 17, 18, 19, 20, 21, 
Prediction: [0, 0, 0, 0, 0, 0, 1, 0, 1, 0, 1, 0, 0, 0, 0, 0, 0, 0, 0, 1, 0, 0]
Location(s) [5.5, 7.4, 9.2, 17.4]
test\b1_52.png
Loading "?-mark" found:  21
0, 1, 2, 3, 4, 5, 6, 7, 8, 9, 10, 11, 12, 13, 14, 15, 16, 17, 18, 19, 20, 
Prediction: [0, 0, 0, 0, 0, 0, 0, 0, 0, 0, 0, 1, 0, 0, 0, 0, 0, 0, 0, 0, 0]
Location(s) [11.2]
test\b1_53.png
Loading "?-mark" found:  22
0, 1, 2, 3, 4, 5, 6, 7, 8, 9, 10, 11, 12, 13, 14, 15, 16, 17, 18, 19, 20, 21, 
Prediction: [0, 0, 0, 0, 0, 0, 0, 1, 0, 1, 0, 0, 0, 0, 0, 0, 1, 0, 0, 0, 0, 0]
Location(s) [6.5, 8.3, 14.4]
test\b1_54.png
Loading "?-mark" found:  21
0, 1, 2, 3, 4, 5, 6, 7, 8, 9, 10, 11, 12, 13, 14, 15, 16, 17, 18, 19, 20, 
Prediction: [0, 0, 0, 0, 0, 0, 0, 0, 0, 0, 0, 0, 0, 0, 0, 0, 0, 0, 0, 0, 0]
Location(s) []
test\b1_55.png
Loading "?-mark" found:  21
0, 1, 2, 3, 4, 5, 6, 7, 8, 9, 10, 11, 12, 13, 14, 15, 16, 17, 18, 19, 20, 
Prediction: [0, 0, 0, 0, 0, 0, 0, 0, 0, 0, 0, 0, 0, 0, 0, 1, 0, 0, 0, 0, 0]
Location(s) [14.4]
test\b1_56.png
Loading "?-mark" found:  22
0, 1, 2, 3, 4, 5, 6, 7, 8, 9, 10, 11, 12, 13, 14, 15, 16, 17, 18, 19, 20, 21, 
Prediction: [0, 0, 0, 0, 0, 0, 0, 0, 0, 0, 0, 0, 0, 0, 0, 1, 0, 0, 0, 0, 0, 0]
Location(s) [13.6]
test\b1_57.png
Loading "?-mark" found:  22
0, 1, 2, 3, 4, 5, 6, 7, 8, 9, 10, 11, 12, 13, 14, 15, 16, 17, 18, 19, 20, 21, 
Prediction: [0, 1, 0, 1, 0, 0, 0, 0, 0, 0, 0, 1, 0, 0, 0, 0, 0, 0, 0, 0, 1, 0]
Location(s) [0.9, 2.6, 9.6, 18.2]
test\b1_58.png
Loading "?-mark" found:  20
0, 1, 2, 3, 4, 5, 6, 7, 8, 9, 10, 11, 12, 13, 14, 15, 16, 17, 18, 19, 
Prediction: [0, 0, 0, 0, 0, 0, 0, 0, 0, 0, 0, 0, 0, 0, 0, 0, 0, 0, 0, 0]
Location(s) []
test\b1_59.png
Loading "?-mark" found:  21
0, 1, 2, 3, 4, 5, 6, 7, 8, 9, 10, 11, 12, 13, 14, 15, 16, 17, 18, 19, 20, 
Prediction: [0, 0, 0, 0, 0, 0, 0, 0, 0, 0, 0, 0, 0, 0, 0, 0, 0, 0, 0, 0, 0]
Location(s) []
test\b1_60.png
Loading "?-mark" found:  24
0, 1, 2, 3, 4, 5, 6, 7, 8, 9, 10, 11, 12, 13, 14, 15, 16, 17, 18, 19, 20, 21, 22, 23, 
Prediction: [0, 0, 0, 0, 0, 0, 1, 0, 0, 1, 0, 0, 0, 0, 0, 0, 1, 0, 1, 0, 0, 0, 0, 1]
Location(s) [5.4, 7.5, 13.3, 15.4, 19.4]
test\b1_61.png
Loading "?-mark" found:  22
0, 1, 2, 3, 4, 5, 6, 7, 8, 9, 10, 11, 12, 13, 14, 15, 16, 17, 18, 19, 20, 21, 
Prediction: [0, 0, 0, 1, 1, 0, 0, 0, 0, 0, 0, 0, 1, 0, 0, 0, 0, 0, 0, 0, 1, 0]
Location(s) [2.9, 4.3, 10.4, 17.9]
test\b1_62.png
Loading "?-mark" found:  24
0, 1, 2, 3, 4, 5, 6, 7, 8, 9, 10, 11, 12, 13, 14, 15, 16, 17, 18, 19, 20, 21, 22, 23, 
Prediction: [0, 0, 0, 1, 0, 1, 0, 0, 1, 0, 1, 0, 0, 0, 1, 0, 0, 1, 0, 0, 0, 0, 0, 1]
Location(s) [3.2, 5.1, 7.7, 8.8, 11.7, 13.7, 18.7]
test\b1_63.png
Loading "?-mark" found:  24
0, 1, 2, 3, 4, 5, 6, 7, 8, 9, 10, 11, 12, 13, 14, 15, 16, 17, 18, 19, 20, 21, 22, 23, 
Prediction: [1, 0, 0, 0, 0, 0, 0, 0, 0, 0, 0, 0, 0, 1, 0, 0, 0, 0, 0, 0, 0, 0, 0, 0]
Location(s) [0.4, 11.4]
test\b1_64.png
Loading "?-mark" found:  21
0, 1, 2, 3, 4, 5, 6, 7, 8, 9, 10, 11, 12, 13, 14, 15, 16, 17, 18, 19, 20, 
Prediction: [0, 1, 0, 0, 0, 0, 1, 1, 0, 1, 1, 1, 0, 0, 0, 0, 0, 1, 0, 0, 0]
Location(s) [1.0, 5.9, 6.5, 8.1, 9.5, 10.3, 15.9]
test\b1_65.png
Loading "?-mark" found:  21
0, 1, 2, 3, 4, 5, 6, 7, 8, 9, 10, 11, 12, 13, 14, 15, 16, 17, 18, 19, 20, 
Prediction: [0, 0, 1, 1, 0, 1, 0, 1, 0, 0, 0, 0, 0, 0, 1, 0, 0, 0, 1, 0, 0]
Location(s) [2.4, 3.3, 4.9, 7.0, 13.8, 17.4]
test\b1_66.png
Loading "?-mark" found:  23
0, 1, 2, 3, 4, 5, 6, 7, 8, 9, 10, 11, 12, 13, 14, 15, 16, 17, 18, 19, 20, 21, 22, 
Prediction: [0, 0, 0, 0, 1, 0, 1, 0, 1, 0, 0, 0, 0, 0, 0, 0, 0, 0, 1, 0, 0, 0, 0]
Location(s) [3.5, 5.2, 7.0, 15.5]
test\b1_67.png
Loading "?-mark" found:  23
0, 1, 2, 3, 4, 5, 6, 7, 8, 9, 10, 11, 12, 13, 14, 15, 16, 17, 18, 19, 20, 21, 22, 
Prediction: [0, 0, 0, 0, 0, 0, 1, 0, 0, 0, 0, 0, 0, 0, 0, 0, 0, 0, 0, 0, 0, 0, 1]
Location(s) [5.5, 19.6]
test\b1_68.png
Loading "?-mark" found:  21

0, 1, 2, 3, 4, 5, 6, 7, 8, 9, 10, 11, 12, 13, 14, 15, 16, 17, 18, 19, 20, 
Prediction: [0, 0, 0, 0, 0, 1, 0, 0, 0, 0, 0, 0, 0, 0, 0, 1, 0, 0, 0, 0, 0]
Location(s) [5.2, 14.6]
test\b1_69.png
Loading "?-mark" found:  22
0, 1, 2, 3, 4, 5, 6, 7, 8, 9, 10, 11, 12, 13, 14, 15, 16, 17, 18, 19, 20, 21, 
Prediction: [0, 0, 0, 0, 0, 0, 0, 0, 1, 0, 0, 0, 0, 0, 0, 1, 0, 0, 1, 0, 0, 0]
Location(s) [7.3, 13.5, 16.0]
test\b1_70.png
Loading "?-mark" found:  23
0, 1, 2, 3, 4, 5, 6, 7, 8, 9, 10, 11, 12, 13, 14, 15, 16, 17, 18, 19, 20, 21, 22, 
Prediction: [1, 0, 1, 0, 1, 0, 1, 0, 1, 0, 1, 0, 1, 0, 1, 0, 1, 0, 1, 0, 1, 0, 1]
Location(s) [0.3, 1.9, 3.9, 5.6, 7.2, 9.1, 10.9, 12.5, 14.2, 16.2, 18.0, 19.6]
test\b1_71.png
Loading "?-mark" found:  20
0, 1, 2, 3, 4, 5, 6, 7, 8, 9, 10, 11, 12, 13, 14, 15, 16, 17, 18, 19, 
Prediction: [0, 1, 0, 1, 0, 1, 0, 1, 0, 1, 0, 1, 0, 1, 0, 1, 0, 1, 0, 1]
Location(s) [1.6, 3.5, 5.2, 7.0, 9.4, 11.1, 13.0, 15.2, 16.9, 18.9]
test\b1_72.png
Loading "?-mark" found:  23
0, 1, 2, 3, 4, 5, 6, 7, 8, 9, 10, 11, 12, 13, 14, 15, 16, 17, 18, 19, 20, 21, 22, 
Prediction: [0, 1, 0, 1, 0, 1, 0, 1, 0, 1, 0, 1, 0, 1, 0, 1, 0, 1, 0, 1, 0, 0, 0]
Location(s) [0.9, 2.5, 4.4, 6.3, 8.1, 9.9, 11.6, 13.4, 15.0, 16.8]
test\b1_73.png
Loading "?-mark" found:  25
0, 1, 2, 3, 4, 5, 6, 7, 8, 9, 10, 11, 12, 13, 14, 15, 16, 17, 18, 19, 20, 21, 22, 23, 24, 
Prediction: [0, 0, 1, 0, 0, 0, 0, 0, 0, 0, 1, 0, 0, 0, 1, 0, 0, 1, 0, 0, 0, 1, 0, 0, 1]
Location(s) [1.9, 9.0, 11.7, 14.0, 17.4, 19.0]
test\b1_74.png
Loading "?-mark" found:  22
0, 1, 2, 3, 4, 5, 6, 7, 8, 9, 10, 11, 12, 13, 14, 15, 16, 17, 18, 19, 20, 21, 
Prediction: [0, 1, 0, 0, 0, 0, 0, 0, 0, 0, 0, 1, 0, 0, 0, 1, 0, 0, 0, 0, 0, 0]
Location(s) [1.6, 10.6, 14.5]
test\b1_75.png
Loading "?-mark" found:  25
0, 1, 2, 3, 4, 5, 6, 7, 8, 9, 10, 11, 12, 13, 14, 15, 16, 17, 18, 19, 20, 21, 22, 23, 24, 
Prediction: [0, 1, 0, 1, 0, 0, 0, 0, 0, 0, 0, 0, 0, 0, 0, 0, 0, 1, 0, 0, 0, 0, 0, 0, 0]
Location(s) [0.8, 2.5, 13.9]
test\b1_76.png
Loading "?-mark" found:  24
0, 1, 2, 3, 4, 5, 6, 7, 8, 9, 10, 11, 12, 13, 14, 15, 16, 17, 18, 19, 20, 21, 22, 23, 
Prediction: [0, 1, 0, 0, 0, 0, 0, 1, 0, 0, 1, 0, 0, 0, 0, 0, 0, 1, 0, 0, 0, 0, 0, 0]
Location(s) [1.1, 5.6, 8.0, 13.8]
test\b1_77.png
Loading "?-mark" found:  22
0, 1, 2, 3, 4, 5, 6, 7, 8, 9, 10, 11, 12, 13, 14, 15, 16, 17, 18, 19, 20, 21, 
Prediction: [0, 0, 0, 1, 0, 0, 0, 0, 0, 1, 0, 1, 0, 0, 0, 0, 0, 0, 0, 0, 0, 0]
Location(s) [2.6, 7.9, 9.7]
test\b1_78.png
Loading "?-mark" found:  22
0, 1, 2, 3, 4, 5, 6, 7, 8, 9, 10, 11, 12, 13, 14, 15, 16, 17, 18, 19, 20, 21, 
Prediction: [0, 1, 0, 0, 0, 0, 1, 0, 0, 0, 0, 1, 0, 0, 0, 0, 0, 0, 0, 0, 0, 0]
Location(s) [1.4, 6.0, 10.3]
test\b1_79.png
Loading "?-mark" found:  23
0, 1, 2, 3, 4, 5, 6, 7, 8, 9, 10, 11, 12, 13, 14, 15, 16, 17, 18, 19, 20, 21, 22, 
Prediction: [0, 0, 0, 0, 0, 0, 0, 0, 0, 0, 0, 0, 0, 0, 0, 0, 1, 0, 0, 0, 0, 0, 0]
Location(s) [14.3]
test\b1_80.png
Loading "?-mark" found:  22
0, 1, 2, 3, 4, 5, 6, 7, 8, 9, 10, 11, 12, 13, 14, 15, 16, 17, 18, 19, 20, 21, 
Prediction: [1, 0, 1, 0, 1, 0, 0, 0, 0, 0, 1, 0, 1, 0, 1, 0, 1, 0, 1, 0, 1, 0]
Location(s) [0.2, 2.2, 3.8, 9.3, 10.9, 12.7, 14.6, 16.2, 18.1]
test\b1_81.png
Loading "?-mark" found:  24
0, 1, 2, 3, 4, 5, 6, 7, 8, 9, 10, 11, 12, 13, 14, 15, 16, 17, 18, 19, 20, 21, 22, 23, 
Prediction: [0, 0, 0, 0, 1, 0, 1, 0, 0, 0, 0, 1, 0, 0, 0, 0, 0, 0, 0, 0, 0, 0, 0, 1]
Location(s) [3.3, 5.1, 9.3, 19.5]
test\b1_82.png
Loading "?-mark" found:  24
0, 1, 2, 3, 4, 5, 6, 7, 8, 9, 10, 11, 12, 13, 14, 15, 16, 17, 18, 19, 20, 21, 22, 23, 
Prediction: [0, 1, 0, 0, 0, 0, 0, 0, 1, 0, 0, 0, 0, 0, 0, 0, 0, 1, 0, 1, 0, 0, 0, 0]
Location(s) [1.0, 6.9, 14.4, 16.3]
test\b1_83.png
Loading "?-mark" found:  22
0, 1, 2, 3, 4, 5, 6, 7, 8, 9, 10, 11, 12, 13, 14, 15, 16, 17, 18, 19, 20, 21, 
Prediction: [1, 0, 1, 0, 0, 0, 0, 0, 0, 1, 0, 0, 0, 0, 1, 0, 1, 0, 1, 0, 0, 0]
Location(s) [0.3, 2.1, 8.2, 12.5, 14.4, 16.0]
test\b1_84.png
Loading "?-mark" found:  23
0, 1, 2, 3, 4, 5, 6, 7, 8, 9, 10, 11, 12, 13, 14, 15, 16, 17, 18, 19, 20, 21, 22, 
Prediction: [0, 0, 0, 0, 0, 0, 0, 0, 0, 0, 0, 1, 0, 1, 0, 1, 0, 1, 0, 1, 0, 1, 0]
Location(s) [10.0, 11.7, 13.5, 15.2, 16.9, 18.7]
test\b1_85.png
Loading "?-mark" found:  23
0, 1, 2, 3, 4, 5, 6, 7, 8, 9, 10, 11, 12, 13, 14, 15, 16, 17, 18, 19, 20, 21, 22, 
Prediction: [0, 0, 0, 0, 0, 1, 0, 0, 0, 0, 0, 0, 1, 0, 0, 0, 0, 0, 0, 0, 0, 0, 1]
Location(s) [4.6, 10.6, 19.0]
test\b1_86.png
Loading "?-mark" found:  23
0, 1, 2, 3, 4, 5, 6, 7, 8, 9, 10, 11, 12, 13, 14, 15, 16, 17, 18, 19, 20, 21, 22, 
Prediction: [0, 0, 0, 0, 0, 1, 0, 0, 0, 0, 0, 0, 1, 0, 0, 0, 0, 0, 0, 0, 0, 0, 0]
Location(s) [4.2, 10.4]
test\b1_87.png
Loading "?-mark" found:  23
0, 1, 2, 3, 4, 5, 6, 7, 8, 9, 10, 11, 12, 13, 14, 15, 16, 17, 18, 19, 20, 21, 22, 
Prediction: [0, 0, 0, 0, 0, 0, 0, 0, 0, 0, 1, 0, 1, 0, 0, 0, 0, 1, 0, 0, 0, 0, 0]
Location(s) [8.8, 10.8, 14.9]
test\b1_88.png
Loading "?-mark" found:  24
0, 1, 2, 3, 4, 5, 6, 7, 8, 9, 10, 11, 12, 13, 14, 15, 16, 17, 18, 19, 20, 21, 22, 23, 
Prediction: [0, 0, 0, 0, 0, 0, 0, 1, 0, 0, 0, 0, 1, 0, 1, 0, 0, 0, 0, 0, 1, 0, 1, 0]
Location(s) [5.8, 10.2, 11.7, 16.8, 18.4]
test\b1_89.png
Loading "?-mark" found:  22
0, 1, 2, 3, 4, 5, 6, 7, 8, 9, 10, 11, 12, 13, 14, 15, 16, 17, 18, 19, 20, 21, 
Prediction: [0, 0, 0, 0, 0, 0, 1, 0, 0, 0, 0, 0, 0, 1, 0, 0, 1, 0, 0, 0, 1, 0]
Location(s) [6.0, 12.0, 14.6, 18.2]
test\b2_00.png
Loading "?-mark" found:  33
0, 1, 2, 3, 4, 5, 6, 7, 8, 9, 10, 11, 12, 13, 14, 15, 16, 17, 18, 19, 20, 21, 22, 23, 24, 25, 26, 27, 28, 29, 30, 31, 32, 
Prediction: [1, 1, 1, 1, 1, 1, 1, 1, 1, 1, 1, 1, 1, 1, 1, 1, 1, 1, 1, 1, 1, 1, 1, 1, 1, 1, 1, 1, 1, 1, 1, 1, 1]
Location(s) [0.9, 1.4, 2.1, 2.7, 3.1, 3.8, 4.4, 5.0, 5.6, 6.0, 6.8, 7.4, 8.0, 8.4, 9.2, 9.8, 10.3, 10.9, 11.5, 12.1, 12.5, 13.3, 13.8, 14.5, 15.1, 15.5, 16.0, 16.8, 17.4, 17.9, 18.5, 19.1, 19.7]
test\b2_01.png
Loading "?-mark" found:  35
0, 1, 2, 3, 4, 5, 6, 7, 8, 9, 10, 11, 12, 13, 14, 15, 16, 17, 18, 19, 20, 21, 22, 23, 24, 25, 26, 27, 28, 29, 30, 31, 32, 33, 34, 
Prediction: [1, 1, 1, 1, 1, 1, 1, 1, 1, 1, 0, 1, 1, 1, 1, 1, 1, 1, 1, 1, 1, 1, 1, 1, 0, 1, 1, 1, 1, 0, 0, 1, 1, 0, 1]
Location(s) [0.2, 0.7, 1.3, 1.9, 2.3, 3.1, 3.7, 4.3, 4.7, 5.5, 6.6, 7.2, 7.7, 8.3, 8.7, 9.5, 10.0, 10.6, 11.2, 11.6, 12.4, 12.9, 13.6, 14.6, 15.3, 15.9, 16.5, 18.1, 18.8, 19.7]
test\b2_02.png
Loading "?-mark" found:  35
0, 1, 2, 3, 4, 5, 6, 7, 8, 9, 10, 11, 12, 13, 14, 15, 16, 17, 18, 19, 20, 21, 22, 23, 24, 25, 26, 27, 28, 29, 30, 31, 32, 33, 34, 
Prediction: [1, 1, 1, 1, 1, 1, 1, 1, 1, 1, 1, 1, 1, 1, 1, 1, 1, 1, 1, 1, 1, 1, 1, 1, 1, 1, 1, 1, 1, 1, 1, 1, 1, 1, 1]
Location(s) [0.4, 0.9, 1.5, 2.1, 2.7, 3.2, 3.5, 4.4, 4.8, 5.5, 6.1, 6.7, 7.2, 7.8, 8.2, 8.9, 9.5, 10.1, 10.5, 11.2, 11.8, 12.4, 12.9, 13.5, 13.9, 14.6, 15.2, 15.8, 16.2, 16.9, 17.5, 17.8, 18.6, 19.2, 19.7]
test\b2_03.png
Loading "?-mark" found:  35
0, 1, 2, 3, 4, 5, 6, 7, 8, 9, 10, 11, 12, 13, 14, 15, 16, 17, 18, 19, 20, 21, 22, 23, 24, 25, 26, 27, 28, 29, 30, 31, 32, 33, 34, 
Prediction: [1, 0, 0, 1, 1, 1, 1, 1, 1, 1, 1, 1, 1, 1, 1, 1, 1, 1, 1, 1, 1, 1, 1, 1, 1, 1, 1, 1, 1, 1, 1, 1, 1, 1, 1]
Location(s) [0.3, 1.8, 2.5, 3.1, 3.7, 4.2, 4.6, 5.4, 5.8, 6.5, 7.1, 7.7, 8.2, 8.8, 9.2, 9.9, 10.5, 10.9, 11.6, 12.2, 12.8, 13.4, 13.8, 14.5, 15.1, 15.7, 16.1, 16.8, 17.4, 18.0, 18.4, 19.1, 19.7]
test\b2_04.png
Loading "?-mark" found:  35
0, 1, 2, 3, 4, 5, 6, 7, 8, 9, 10, 11, 12, 13, 14, 15, 16, 17, 18, 19, 20, 21, 22, 23, 24, 25, 26, 27, 28, 29, 30, 31, 32, 33, 34, 
Prediction: [1, 1, 1, 1, 1, 1, 1, 1, 0, 1, 1, 1, 1, 0, 1, 1, 1, 1, 0, 1, 1, 0, 1, 1, 1, 1, 1, 1, 1, 1, 1, 1, 1, 1, 1]
Location(s) [0.7, 1.2, 1.5, 2.3, 2.9, 3.5, 4.1, 4.6, 5.8, 6.4, 6.9, 7.5, 8.4, 9.2, 9.7, 10.3, 11.4, 11.7, 13.1, 13.6, 14.0, 14.7, 15.3, 15.9, 16.4, 17.0, 17.4, 18.1, 18.7, 19.2, 19.8]
test\b2_05.png
Loading "?-mark" found:  35
0, 1, 2, 3, 4, 5, 6, 7, 8, 9, 10, 11, 12, 13, 14, 15, 16, 17, 18, 19, 20, 21, 22, 23, 24, 25, 26, 27, 28, 29, 30, 31, 32, 33, 34, 
Prediction: [1, 0, 0, 1, 1, 1, 1, 1, 1, 0, 1, 1, 1, 1, 1, 1, 1, 1, 1, 1, 1, 0, 1, 1, 1, 1, 1, 1, 1, 1, 1, 1, 1, 0, 1]
Location(s) [0.3, 1.7, 2.5, 3.0, 3.6, 4.1, 4.7, 5.8, 6.3, 6.9, 7.5, 8.0, 8.6, 9.1, 9.7, 10.3, 10.7, 11.4, 12.5, 13.1, 13.7, 14.2, 14.8, 15.4, 16.0, 16.5, 17.1, 17.7, 18.1, 19.3]
test\b2_06.png
Loading "?-mark" found:  34

0, 1, 2, 3, 4, 5, 6, 7, 8, 9, 10, 11, 12, 13, 14, 15, 16, 17, 18, 19, 20, 21, 22, 23, 24, 25, 26, 27, 28, 29, 30, 31, 32, 33, 
Prediction: [1, 1, 1, 1, 0, 1, 1, 1, 1, 1, 0, 1, 1, 0, 0, 1, 0, 0, 1, 0, 1, 1, 1, 1, 1, 1, 1, 1, 1, 1, 1, 1, 1, 1]
Location(s) [0.5, 0.9, 1.6, 2.2, 3.4, 3.8, 4.6, 4.9, 5.7, 6.9, 7.4, 9.0, 10.9, 11.9, 12.7, 13.2, 13.8, 14.2, 15.0, 15.4, 16.1, 16.7, 17.3, 17.7, 18.4, 19.0, 19.4]
test\b2_07.png
Loading "?-mark" found:  33
0, 1, 2, 3, 4, 5, 6, 7, 8, 9, 10, 11, 12, 13, 14, 15, 16, 17, 18, 19, 20, 21, 22, 23, 24, 25, 26, 27, 28, 29, 30, 31, 32, 
Prediction: [1, 1, 1, 1, 1, 1, 1, 1, 1, 0, 1, 0, 1, 1, 1, 1, 1, 1, 1, 1, 1, 0, 1, 1, 1, 1, 0, 1, 1, 1, 1, 1, 1]
Location(s) [0.4, 1.3, 1.7, 2.4, 2.9, 3.6, 4.2, 4.6, 5.4, 6.6, 7.8, 8.2, 8.6, 9.5, 9.9, 10.7, 11.3, 11.7, 12.4, 13.6, 14.2, 14.6, 15.4, 16.6, 17.0, 17.7, 18.3, 18.7, 19.5]
test\b2_08.png
Loading "?-mark" found:  34
0, 1, 2, 3, 4, 5, 6, 7, 8, 9, 10, 11, 12, 13, 14, 15, 16, 17, 18, 19, 20, 21, 22, 23, 24, 25, 26, 27, 28, 29, 30, 31, 32, 33, 
Prediction: [1, 1, 1, 1, 0, 1, 1, 1, 1, 1, 1, 1, 1, 1, 1, 1, 1, 1, 1, 1, 1, 1, 1, 1, 1, 1, 0, 1, 1, 1, 1, 1, 1, 1]
Location(s) [0.6, 1.2, 1.6, 2.3, 3.5, 3.9, 4.7, 5.2, 5.9, 6.5, 6.9, 7.7, 8.3, 8.6, 9.5, 10.1, 10.6, 11.0, 11.8, 12.4, 12.8, 13.5, 14.1, 14.6, 15.3, 16.4, 17.0, 17.6, 18.2, 18.8, 19.4, 19.8]
test\b2_09.png
Loading "?-mark" found:  34
0, 1, 2, 3, 4, 5, 6, 7, 8, 9, 10, 11, 12, 13, 14, 15, 16, 17, 18, 19, 20, 21, 22, 23, 24, 25, 26, 27, 28, 29, 30, 31, 32, 33, 
Prediction: [1, 1, 1, 1, 1, 1, 1, 1, 1, 1, 1, 1, 1, 1, 1, 1, 1, 0, 1, 1, 1, 1, 1, 0, 1, 0, 1, 1, 1, 0, 1, 1, 1, 1]
Location(s) [0.4, 1.0, 1.6, 2.2, 2.7, 3.2, 3.9, 4.4, 5.0, 5.4, 5.9, 6.6, 7.2, 7.8, 8.4, 8.9, 9.3, 10.5, 11.2, 11.8, 12.2, 12.9, 14.1, 15.1, 15.9, 16.4, 17.6, 18.2, 18.6, 19.3]
test\b2_10.png
Loading "?-mark" found:  34
0, 1, 2, 3, 4, 5, 6, 7, 8, 9, 10, 11, 12, 13, 14, 15, 16, 17, 18, 19, 20, 21, 22, 23, 24, 25, 26, 27, 28, 29, 30, 31, 32, 33, 
Prediction: [1, 1, 1, 1, 1, 1, 0, 1, 1, 1, 1, 1, 1, 1, 1, 1, 0, 1, 1, 1, 1, 1, 1, 1, 0, 1, 0, 1, 1, 1, 1, 1, 1, 1]
Location(s) [0.4, 0.9, 1.5, 2.1, 2.5, 3.3, 4.4, 5.0, 5.6, 6.2, 6.8, 7.3, 7.9, 8.5, 9.1, 10.0, 10.8, 11.3, 12.0, 12.6, 13.0, 13.8, 14.9, 16.1, 16.7, 17.3, 17.9, 18.5, 19.1, 19.7]
test\b2_11.png
Loading "?-mark" found:  34
0, 1, 2, 3, 4, 5, 6, 7, 8, 9, 10, 11, 12, 13, 14, 15, 16, 17, 18, 19, 20, 21, 22, 23, 24, 25, 26, 27, 28, 29, 30, 31, 32, 33, 
Prediction: [1, 1, 1, 1, 0, 1, 1, 1, 1, 1, 1, 0, 1, 1, 1, 1, 1, 1, 0, 1, 1, 1, 1, 1, 1, 1, 1, 1, 0, 1, 1, 1, 1, 1]
Location(s) [0.2, 0.7, 1.1, 1.9, 3.0, 3.7, 4.3, 4.7, 5.4, 6.0, 7.2, 7.7, 8.1, 8.9, 9.5, 10.1, 11.3, 11.8, 12.4, 13.0, 13.4, 14.1, 14.7, 15.3, 15.9, 16.8, 17.6, 18.2, 18.8, 19.4]
test\b2_12.png
Loading "?-mark" found:  34
0, 1, 2, 3, 4, 5, 6, 7, 8, 9, 10, 11, 12, 13, 14, 15, 16, 17, 18, 19, 20, 21, 22, 23, 24, 25, 26, 27, 28, 29, 30, 31, 32, 33, 
Prediction: [1, 1, 1, 1, 1, 1, 1, 1, 1, 0, 1, 1, 1, 0, 1, 1, 1, 1, 1, 1, 1, 1, 1, 1, 1, 1, 1, 1, 1, 0, 1, 1, 1, 1]
Location(s) [0.4, 1.0, 1.4, 2.2, 2.7, 3.4, 3.9, 4.3, 5.1, 6.2, 6.8, 7.4, 8.6, 9.2, 9.8, 10.4, 11.0, 11.5, 12.1, 12.7, 13.3, 13.9, 14.5, 14.9, 15.6, 16.2, 16.8, 18.0, 18.4, 18.8, 19.7]
test\b2_13.png
Loading "?-mark" found:  33
0, 1, 2, 3, 4, 5, 6, 7, 8, 9, 10, 11, 12, 13, 14, 15, 16, 17, 18, 19, 20, 21, 22, 23, 24, 25, 26, 27, 28, 29, 30, 31, 32, 
Prediction: [1, 0, 1, 1, 1, 1, 1, 0, 1, 1, 1, 1, 1, 1, 1, 1, 1, 0, 1, 1, 1, 1, 1, 1, 1, 1, 1, 1, 1, 1, 1, 1, 1]
Location(s) [0.8, 2.0, 2.6, 3.2, 3.6, 4.3, 5.3, 6.1, 6.7, 7.3, 7.9, 8.5, 8.9, 9.7, 10.3, 11.4, 12.0, 12.4, 13.2, 13.8, 14.4, 15.0, 15.6, 16.2, 16.6, 17.4, 17.9, 18.5, 18.9, 19.7]
test\b2_14.png
Loading "?-mark" found:  33
0, 1, 2, 3, 4, 5, 6, 7, 8, 9, 10, 11, 12, 13, 14, 15, 16, 17, 18, 19, 20, 21, 22, 23, 24, 25, 26, 27, 28, 29, 30, 31, 32, 
Prediction: [0, 1, 1, 1, 1, 1, 1, 1, 1, 1, 1, 1, 1, 1, 1, 1, 0, 1, 1, 1, 1, 1, 1, 1, 1, 1, 1, 1, 1, 1, 1, 1, 0]
Location(s) [1.4, 2.0, 2.6, 3.2, 3.8, 4.4, 5.0, 5.4, 6.1, 6.8, 7.4, 7.8, 8.6, 9.0, 9.8, 11.0, 11.6, 12.1, 12.5, 13.3, 13.9, 14.5, 15.1, 15.7, 16.1, 16.9, 17.5, 18.0, 18.4, 19.2]
test\b2_15.png
Loading "?-mark" found:  33
0, 1, 2, 3, 4, 5, 6, 7, 8, 9, 10, 11, 12, 13, 14, 15, 16, 17, 18, 19, 20, 21, 22, 23, 24, 25, 26, 27, 28, 29, 30, 31, 32, 
Prediction: [1, 1, 1, 1, 1, 1, 1, 1, 1, 0, 1, 1, 1, 1, 1, 1, 1, 1, 1, 1, 1, 1, 1, 1, 1, 1, 1, 1, 1, 1, 1, 1, 1]
Location(s) [0.3, 0.8, 1.5, 2.1, 2.7, 3.1, 3.9, 4.3, 5.1, 6.3, 6.7, 7.5, 8.1, 8.7, 9.3, 9.9, 10.3, 11.1, 11.7, 12.3, 12.7, 13.5, 14.0, 14.8, 15.1, 15.9, 16.4, 17.1, 17.7, 18.3, 18.9, 19.5]
test\b2_16.png
Loading "?-mark" found:  33
0, 1, 2, 3, 4, 5, 6, 7, 8, 9, 10, 11, 12, 13, 14, 15, 16, 17, 18, 19, 20, 21, 22, 23, 24, 25, 26, 27, 28, 29, 30, 31, 32, 
Prediction: [1, 1, 1, 1, 1, 1, 1, 1, 1, 1, 0, 1, 1, 1, 1, 1, 1, 1, 1, 1, 1, 1, 1, 0, 1, 1, 1, 1, 1, 1, 1, 1, 1]
Location(s) [0.6, 1.3, 1.9, 2.2, 3.0, 3.7, 4.3, 4.6, 5.4, 6.0, 7.0, 7.8, 8.4, 9.0, 9.3, 10.2, 10.8, 11.4, 11.8, 12.6, 13.2, 13.8, 15.0, 15.6, 16.2, 16.7, 17.4, 18.0, 18.6, 19.1, 19.8]
test\b2_17.png
Loading "?-mark" found:  32
0, 1, 2, 3, 4, 5, 6, 7, 8, 9, 10, 11, 12, 13, 14, 15, 16, 17, 18, 19, 20, 21, 22, 23, 24, 25, 26, 27, 28, 29, 30, 31, 
Prediction: [1, 1, 1, 1, 1, 1, 1, 1, 1, 1, 1, 1, 1, 1, 1, 0, 1, 1, 1, 1, 0, 0, 1, 1, 1, 1, 1, 1, 1, 1, 1, 0]
Location(s) [0.5, 1.5, 2.1, 2.7, 3.3, 3.9, 4.3, 5.1, 5.7, 6.3, 6.7, 7.5, 8.1, 8.7, 9.1, 10.5, 11.1, 11.7, 12.3, 14.1, 14.7, 15.1, 15.9, 16.5, 17.1, 17.5, 18.3, 18.9]
test\b2_18.png
Loading "?-mark" found:  33
0, 1, 2, 3, 4, 5, 6, 7, 8, 9, 10, 11, 12, 13, 14, 15, 16, 17, 18, 19, 20, 21, 22, 23, 24, 25, 26, 27, 28, 29, 30, 31, 32, 
Prediction: [1, 1, 1, 1, 1, 1, 1, 1, 1, 1, 1, 1, 1, 1, 1, 1, 1, 1, 1, 1, 1, 1, 1, 1, 1, 1, 1, 1, 1, 1, 1, 1, 1]
Location(s) [0.6, 1.2, 1.8, 2.2, 3.0, 3.6, 4.2, 4.6, 5.3, 5.9, 6.5, 6.9, 7.7, 8.3, 8.9, 9.3, 10.0, 10.6, 11.2, 11.6, 12.4, 13.0, 13.6, 14.0, 14.8, 15.4, 16.0, 16.4, 17.2, 17.8, 18.4, 18.7, 19.6]
test\b2_19.png
Loading "?-mark" found:  33
0, 1, 2, 3, 4, 5, 6, 7, 8, 9, 10, 11, 12, 13, 14, 15, 16, 17, 18, 19, 20, 21, 22, 23, 24, 25, 26, 27, 28, 29, 30, 31, 32, 
Prediction: [1, 1, 1, 1, 1, 1, 1, 1, 1, 1, 1, 1, 1, 1, 1, 0, 1, 0, 1, 0, 1, 1, 1, 0, 1, 1, 1, 1, 1, 1, 1, 1, 1]
Location(s) [0.7, 1.1, 1.9, 2.5, 3.1, 3.4, 4.3, 4.9, 5.5, 5.8, 6.7, 7.3, 7.9, 8.2, 9.1, 10.2, 11.4, 12.6, 13.0, 13.8, 15.0, 15.4, 16.2, 16.8, 17.4, 17.8, 18.6, 19.2, 19.8]
test\b2_20.png
Loading "?-mark" found:  33
0, 1, 2, 3, 4, 5, 6, 7, 8, 9, 10, 11, 12, 13, 14, 15, 16, 17, 18, 19, 20, 21, 22, 23, 24, 25, 26, 27, 28, 29, 30, 31, 32, 
Prediction: [0, 1, 1, 1, 1, 1, 1, 1, 1, 1, 1, 1, 1, 1, 1, 1, 1, 1, 1, 1, 1, 1, 1, 1, 1, 1, 1, 1, 1, 1, 1, 1, 1]
Location(s) [0.9, 1.4, 2.1, 2.7, 3.3, 3.9, 4.3, 5.1, 5.7, 6.1, 6.9, 7.3, 8.1, 8.7, 9.4, 10.0, 10.3, 11.2, 11.7, 12.4, 13.0, 13.6, 14.1, 14.8, 15.4, 15.9, 16.3, 17.2, 17.6, 18.4, 19.0, 19.6]
test\b2_21.png
Loading "?-mark" found:  33
0, 1, 2, 3, 4, 5, 6, 7, 8, 9, 10, 11, 12, 13, 14, 15, 16, 17, 18, 19, 20, 21, 22, 23, 24, 25, 26, 27, 28, 29, 30, 31, 32, 
Prediction: [1, 1, 1, 1, 1, 1, 0, 1, 1, 1, 1, 0, 1, 0, 1, 1, 1, 1, 1, 1, 1, 1, 0, 0, 1, 1, 1, 1, 1, 1, 1, 1, 1]
Location(s) [0.7, 1.4, 1.9, 2.5, 3.0, 3.7, 4.9, 5.4, 5.8, 6.6, 7.8, 9.0, 9.6, 10.2, 10.8, 11.3, 11.9, 12.5, 13.1, 14.9, 15.4, 16.0, 16.6, 17.2, 17.7, 18.3, 18.9, 19.3]
test\b2_22.png
Loading "?-mark" found:  33
0, 1, 2, 3, 4, 5, 6, 7, 8, 9, 10, 11, 12, 13, 14, 15, 16, 17, 18, 19, 20, 21, 22, 23, 24, 25, 26, 27, 28, 29, 30, 31, 32, 
Prediction: [1, 1, 0, 1, 1, 1, 1, 1, 1, 1, 1, 0, 1, 1, 1, 1, 1, 1, 1, 1, 1, 1, 1, 1, 1, 1, 1, 1, 0, 1, 1, 1, 1]
Location(s) [0.5, 1.1, 2.3, 2.7, 3.5, 4.1, 4.6, 5.2, 5.8, 6.2, 7.5, 8.1, 8.7, 9.3, 9.8, 10.5, 11.1, 11.7, 12.3, 12.9, 13.5, 13.9, 14.6, 15.1, 15.8, 16.5, 17.7, 18.2, 18.6, 19.5]
test\b2_23.png
Loading "?-mark" found:  33
0, 1, 2, 3, 4, 5, 6, 7, 8, 9, 10, 11, 12, 13, 14, 15, 16, 17, 18, 19, 20, 21, 22, 23, 24, 25, 26, 27, 28, 29, 30, 31, 32, 
Prediction: [1, 1, 1, 1, 1, 1, 1, 0, 1, 1, 0, 0, 1, 1, 1, 1, 1, 1, 1, 1, 1, 1, 1, 1, 1, 1, 1, 1, 1, 1, 1, 1, 1]
Location(s) [0.6, 0.9, 1.8, 2.4, 3.0, 3.4, 4.2, 5.5, 5.8, 7.9, 8.3, 9.1, 9.7, 10.3, 10.7, 11.5, 12.1, 12.7, 13.1, 13.9, 14.5, 15.1, 15.5, 16.2, 16.8, 17.4, 17.8, 18.6, 19.2, 19.8]
test\b2_24.png
Loading "?-mark" found:  33

0, 1, 2, 3, 4, 5, 6, 7, 8, 9, 10, 11, 12, 13, 14, 15, 16, 17, 18, 19, 20, 21, 22, 23, 24, 25, 26, 27, 28, 29, 30, 31, 32, 
Prediction: [1, 1, 1, 1, 1, 1, 1, 1, 1, 1, 1, 1, 1, 1, 1, 1, 1, 1, 1, 1, 1, 1, 1, 1, 1, 1, 1, 1, 1, 1, 1, 1, 1]
Location(s) [0.9, 1.5, 2.1, 2.5, 3.3, 3.9, 4.4, 4.8, 5.6, 6.2, 6.8, 7.2, 8.0, 8.6, 9.2, 9.5, 10.3, 11.0, 11.4, 11.9, 12.7, 13.1, 13.9, 14.5, 15.1, 15.7, 16.3, 16.7, 17.5, 18.0, 18.6, 19.0, 19.8]
test\b2_25.png
Loading "?-mark" found:  33
0, 1, 2, 3, 4, 5, 6, 7, 8, 9, 10, 11, 12, 13, 14, 15, 16, 17, 18, 19, 20, 21, 22, 23, 24, 25, 26, 27, 28, 29, 30, 31, 32, 
Prediction: [1, 1, 1, 1, 0, 1, 1, 0, 0, 0, 1, 1, 1, 1, 1, 1, 1, 1, 1, 1, 1, 1, 1, 1, 1, 1, 1, 1, 1, 1, 1, 1, 1]
Location(s) [0.4, 0.9, 1.4, 2.1, 3.3, 3.7, 6.1, 6.9, 7.4, 8.0, 8.4, 9.2, 9.8, 10.4, 10.8, 11.1, 12.1, 12.7, 13.3, 13.7, 14.5, 15.1, 15.7, 16.0, 16.8, 17.5, 18.1, 18.4, 19.2]
test\b2_26.png
Loading "?-mark" found:  33
0, 1, 2, 3, 4, 5, 6, 7, 8, 9, 10, 11, 12, 13, 14, 15, 16, 17, 18, 19, 20, 21, 22, 23, 24, 25, 26, 27, 28, 29, 30, 31, 32, 
Prediction: [1, 1, 0, 0, 1, 1, 1, 1, 0, 1, 1, 1, 1, 1, 1, 1, 1, 1, 1, 1, 1, 1, 1, 1, 1, 1, 1, 1, 1, 1, 1, 1, 1]
Location(s) [0.4, 0.7, 2.8, 3.1, 3.9, 4.6, 5.7, 6.3, 6.9, 7.3, 8.1, 8.7, 9.3, 9.7, 10.5, 11.1, 11.7, 12.1, 12.8, 13.5, 14.1, 14.4, 15.2, 15.8, 16.4, 17.0, 17.7, 18.1, 18.8, 19.4]
test\b2_27.png
Loading "?-mark" found:  33
0, 1, 2, 3, 4, 5, 6, 7, 8, 9, 10, 11, 12, 13, 14, 15, 16, 17, 18, 19, 20, 21, 22, 23, 24, 25, 26, 27, 28, 29, 30, 31, 32, 
Prediction: [1, 1, 0, 1, 1, 1, 1, 1, 1, 0, 1, 1, 1, 1, 1, 1, 1, 1, 1, 1, 1, 1, 1, 1, 1, 1, 0, 1, 1, 1, 1, 1, 0]
Location(s) [0.5, 1.1, 2.4, 3.0, 3.5, 4.1, 4.5, 5.3, 6.5, 7.1, 7.7, 8.1, 8.9, 9.4, 10.0, 10.4, 11.2, 11.8, 12.4, 12.8, 13.6, 14.2, 14.8, 15.3, 16.5, 17.1, 17.6, 18.3, 18.9]
test\b2_28.png
Loading "?-mark" found:  33
0, 1, 2, 3, 4, 5, 6, 7, 8, 9, 10, 11, 12, 13, 14, 15, 16, 17, 18, 19, 20, 21, 22, 23, 24, 25, 26, 27, 28, 29, 30, 31, 32, 
Prediction: [1, 1, 1, 1, 1, 1, 1, 1, 1, 1, 1, 1, 1, 1, 1, 0, 1, 1, 1, 1, 1, 1, 1, 1, 1, 1, 1, 1, 1, 1, 1, 1, 1]
Location(s) [0.5, 1.1, 1.7, 2.2, 2.8, 3.5, 4.1, 4.7, 5.3, 5.8, 6.3, 7.0, 7.6, 8.0, 8.8, 10.0, 10.4, 11.2, 11.8, 12.4, 12.8, 13.6, 14.1, 14.8, 15.5, 16.1, 16.5, 17.2, 17.9, 18.5, 18.9, 19.7]
test\b2_29.png
Loading "?-mark" found:  33
0, 1, 2, 3, 4, 5, 6, 7, 8, 9, 10, 11, 12, 13, 14, 15, 16, 17, 18, 19, 20, 21, 22, 23, 24, 25, 26, 27, 28, 29, 30, 31, 32, 
Prediction: [1, 1, 1, 1, 1, 1, 1, 1, 1, 1, 1, 1, 1, 1, 1, 1, 1, 1, 1, 1, 1, 1, 1, 1, 1, 1, 1, 1, 1, 1, 1, 1, 1]
Location(s) [0.2, 0.8, 1.3, 2.0, 2.6, 3.2, 3.7, 4.4, 5.0, 5.6, 6.1, 6.7, 7.1, 8.0, 8.5, 9.2, 9.8, 10.4, 11.0, 11.6, 12.0, 12.8, 13.4, 14.0, 14.6, 15.2, 15.6, 16.4, 17.0, 17.6, 17.9, 18.8, 19.4]
test\b2_30.png
Loading "?-mark" found:  33
0, 1, 2, 3, 4, 5, 6, 7, 8, 9, 10, 11, 12, 13, 14, 15, 16, 17, 18, 19, 20, 21, 22, 23, 24, 25, 26, 27, 28, 29, 30, 31, 32, 
Prediction: [1, 1, 1, 1, 1, 1, 1, 1, 1, 1, 1, 1, 1, 1, 1, 1, 1, 1, 1, 1, 1, 1, 1, 1, 1, 1, 1, 1, 1, 1, 1, 1, 1]
Location(s) [0.3, 1.1, 1.7, 2.3, 2.7, 3.5, 4.1, 4.7, 5.1, 5.8, 6.4, 7.0, 7.5, 8.2, 8.8, 9.2, 10.0, 10.6, 11.2, 11.8, 12.4, 12.8, 13.6, 14.2, 14.8, 15.4, 16.0, 16.5, 16.9, 17.4, 18.3, 18.8, 19.5]
test\b2_31.png
Loading "?-mark" found:  33
0, 1, 2, 3, 4, 5, 6, 7, 8, 9, 10, 11, 12, 13, 14, 15, 16, 17, 18, 19, 20, 21, 22, 23, 24, 25, 26, 27, 28, 29, 30, 31, 32, 
Prediction: [1, 1, 1, 1, 0, 0, 1, 1, 1, 1, 1, 1, 1, 0, 1, 1, 1, 1, 1, 1, 1, 0, 0, 1, 1, 1, 0, 0, 1, 1, 1, 1, 1]
Location(s) [0.6, 1.0, 1.4, 2.4, 4.1, 4.7, 5.1, 5.9, 6.5, 6.8, 7.7, 8.8, 9.3, 10.0, 10.6, 11.2, 11.6, 12.4, 14.0, 14.8, 15.3, 17.1, 17.7, 18.3, 18.9, 19.5]
test\b2_32.png
Loading "?-mark" found:  33
0, 1, 2, 3, 4, 5, 6, 7, 8, 9, 10, 11, 12, 13, 14, 15, 16, 17, 18, 19, 20, 21, 22, 23, 24, 25, 26, 27, 28, 29, 30, 31, 32, 
Prediction: [1, 1, 1, 1, 1, 1, 1, 1, 1, 1, 1, 1, 1, 1, 1, 1, 1, 0, 1, 1, 1, 1, 1, 1, 1, 1, 1, 1, 1, 1, 1, 1, 1]
Location(s) [0.3, 1.1, 1.5, 2.4, 2.8, 3.5, 4.1, 4.5, 5.3, 5.7, 6.5, 7.1, 7.7, 8.3, 8.9, 9.4, 10.1, 11.3, 11.7, 12.5, 13.1, 13.7, 14.1, 14.8, 15.5, 16.1, 16.5, 17.2, 17.8, 18.2, 19.0, 19.6]
test\b2_33.png
Loading "?-mark" found:  34
0, 1, 2, 3, 4, 5, 6, 7, 8, 9, 10, 11, 12, 13, 14, 15, 16, 17, 18, 19, 20, 21, 22, 23, 24, 25, 26, 27, 28, 29, 30, 31, 32, 33, 
Prediction: [0, 1, 1, 1, 1, 1, 1, 1, 1, 1, 1, 1, 1, 1, 1, 1, 1, 1, 1, 0, 1, 1, 1, 1, 1, 1, 1, 1, 1, 0, 0, 1, 0, 0]
Location(s) [0.8, 1.3, 1.9, 2.5, 3.1, 3.7, 4.3, 4.8, 5.3, 6.0, 6.6, 7.0, 7.8, 8.2, 8.9, 9.5, 9.9, 10.7, 11.9, 12.5, 13.1, 13.7, 14.2, 14.7, 15.4, 16.0, 16.4, 18.3]
test\b2_34.png
Loading "?-mark" found:  34
0, 1, 2, 3, 4, 5, 6, 7, 8, 9, 10, 11, 12, 13, 14, 15, 16, 17, 18, 19, 20, 21, 22, 23, 24, 25, 26, 27, 28, 29, 30, 31, 32, 33, 
Prediction: [1, 1, 1, 1, 0, 1, 0, 1, 1, 1, 1, 1, 1, 0, 1, 1, 1, 1, 1, 1, 1, 1, 1, 1, 1, 1, 1, 1, 1, 1, 1, 1, 1, 1]
Location(s) [0.6, 1.1, 1.5, 2.3, 3.5, 4.6, 5.1, 5.8, 6.4, 6.8, 7.6, 8.6, 9.0, 9.8, 10.3, 11.0, 11.5, 12.0, 12.7, 13.2, 13.9, 14.5, 15.1, 15.5, 16.3, 16.9, 17.5, 18.1, 18.6, 19.2, 19.6]
test\b2_35.png
Loading "?-mark" found:  34
0, 1, 2, 3, 4, 5, 6, 7, 8, 9, 10, 11, 12, 13, 14, 15, 16, 17, 18, 19, 20, 21, 22, 23, 24, 25, 26, 27, 28, 29, 30, 31, 32, 33, 
Prediction: [1, 1, 1, 1, 1, 1, 1, 1, 1, 1, 1, 1, 1, 1, 1, 1, 1, 1, 0, 1, 0, 0, 0, 1, 1, 0, 1, 1, 1, 1, 1, 1, 1, 0]
Location(s) [0.3, 0.8, 1.5, 2.1, 2.7, 3.2, 3.6, 4.4, 4.9, 5.6, 6.2, 6.6, 7.4, 8.0, 8.6, 9.2, 9.8, 10.2, 11.4, 13.8, 13.9, 15.1, 15.7, 16.1, 16.9, 17.5, 18.0, 18.5]
test\b2_36.png
Loading "?-mark" found:  35
0, 1, 2, 3, 4, 5, 6, 7, 8, 9, 10, 11, 12, 13, 14, 15, 16, 17, 18, 19, 20, 21, 22, 23, 24, 25, 26, 27, 28, 29, 30, 31, 32, 33, 34, 
Prediction: [1, 1, 1, 0, 1, 1, 0, 1, 1, 1, 1, 1, 1, 1, 1, 0, 1, 1, 1, 1, 1, 1, 1, 1, 1, 1, 1, 1, 1, 1, 1, 1, 1, 1, 0]
Location(s) [0.4, 0.8, 1.5, 2.5, 3.0, 3.8, 4.4, 5.0, 5.6, 6.2, 6.5, 7.3, 7.8, 9.1, 9.5, 10.3, 10.9, 11.4, 11.8, 12.6, 13.2, 13.8, 14.3, 15.0, 15.6, 15.9, 16.8, 17.4, 18.0, 18.4, 19.2]
test\b2_37.png
Loading "?-mark" found:  33
0, 1, 2, 3, 4, 5, 6, 7, 8, 9, 10, 11, 12, 13, 14, 15, 16, 17, 18, 19, 20, 21, 22, 23, 24, 25, 26, 27, 28, 29, 30, 31, 32, 
Prediction: [1, 1, 1, 1, 1, 1, 1, 1, 1, 1, 1, 1, 1, 1, 1, 1, 1, 1, 1, 1, 1, 1, 1, 1, 1, 1, 1, 1, 1, 1, 1, 1, 1]
Location(s) [0.3, 0.7, 1.5, 2.1, 2.7, 3.1, 3.9, 4.5, 5.1, 5.5, 6.3, 6.9, 7.5, 7.9, 8.6, 9.2, 9.8, 10.2, 11.0, 11.6, 12.2, 12.7, 13.4, 14.0, 14.4, 15.2, 15.8, 16.4, 17.0, 17.6, 18.2, 18.7, 19.2]
test\b2_38.png
Loading "?-mark" found:  33
0, 1, 2, 3, 4, 5, 6, 7, 8, 9, 10, 11, 12, 13, 14, 15, 16, 17, 18, 19, 20, 21, 22, 23, 24, 25, 26, 27, 28, 29, 30, 31, 32, 
Prediction: [1, 1, 1, 1, 1, 1, 1, 1, 1, 1, 1, 1, 1, 1, 1, 1, 1, 1, 1, 0, 1, 1, 1, 1, 1, 0, 1, 1, 1, 1, 1, 1, 1]
Location(s) [0.4, 1.0, 1.5, 2.2, 2.8, 3.1, 4.0, 4.6, 5.2, 5.8, 6.3, 6.9, 7.5, 8.1, 8.7, 9.3, 9.7, 10.5, 11.0, 12.2, 12.6, 13.4, 14.0, 14.6, 15.7, 16.3, 16.9, 17.5, 18.1, 18.7, 19.2]
test\b2_39.png
Loading "?-mark" found:  34
0, 1, 2, 3, 4, 5, 6, 7, 8, 9, 10, 11, 12, 13, 14, 15, 16, 17, 18, 19, 20, 21, 22, 23, 24, 25, 26, 27, 28, 29, 30, 31, 32, 33, 
Prediction: [1, 0, 1, 1, 1, 1, 1, 1, 1, 1, 1, 1, 1, 1, 1, 1, 1, 1, 1, 0, 1, 1, 0, 1, 1, 1, 1, 1, 1, 1, 1, 1, 1, 1]
Location(s) [0.3, 1.5, 2.1, 2.6, 3.2, 3.8, 4.4, 4.9, 5.2, 6.1, 6.5, 7.2, 7.8, 8.4, 8.9, 9.4, 10.2, 10.8, 12.0, 12.5, 13.7, 14.3, 14.8, 15.2, 16.0, 16.5, 17.1, 17.7, 18.3, 18.7, 19.4]
test\b2_40.png
Loading "?-mark" found:  34
0, 1, 2, 3, 4, 5, 6, 7, 8, 9, 10, 11, 12, 13, 14, 15, 16, 17, 18, 19, 20, 21, 22, 23, 24, 25, 26, 27, 28, 29, 30, 31, 32, 33, 
Prediction: [1, 1, 1, 1, 1, 0, 1, 1, 1, 1, 1, 1, 1, 1, 1, 1, 1, 1, 1, 1, 1, 1, 1, 1, 1, 1, 1, 1, 1, 1, 1, 1, 0, 1]
Location(s) [0.5, 1.1, 1.7, 2.3, 2.9, 4.0, 4.6, 5.0, 5.7, 6.3, 6.9, 7.4, 8.0, 8.6, 9.2, 9.6, 10.3, 10.8, 11.5, 12.0, 12.6, 13.2, 13.8, 14.3, 15.0, 15.5, 15.9, 16.7, 17.3, 17.9, 18.5, 19.6]
test\b2_41.png
Loading "?-mark" found:  33
0, 1, 2, 3, 4, 5, 6, 7, 8, 9, 10, 11, 12, 13, 14, 15, 16, 17, 18, 19, 20, 21, 22, 23, 24, 25, 26, 27, 28, 29, 30, 31, 32, 
Prediction: [1, 1, 1, 1, 1, 1, 1, 1, 1, 1, 1, 0, 1, 1, 0, 1, 0, 1, 1, 0, 1, 1, 1, 1, 1, 1, 0, 1, 1, 1, 1, 1, 1]
Location(s) [0.7, 1.3, 1.9, 2.3, 3.0, 3.6, 4.2, 4.8, 5.4, 5.8, 6.6, 7.8, 8.2, 9.5, 10.5, 11.3, 12.5, 12.9, 13.6, 14.2, 14.6, 15.1, 16.6, 17.2, 17.6, 18.4, 19.0, 19.5]
test\b2_42.png
Loading "?-mark" found:  33

0, 1, 2, 3, 4, 5, 6, 7, 8, 9, 10, 11, 12, 13, 14, 15, 16, 17, 18, 19, 20, 21, 22, 23, 24, 25, 26, 27, 28, 29, 30, 31, 32, 
Prediction: [1, 1, 1, 1, 1, 1, 1, 0, 1, 1, 0, 1, 1, 1, 1, 1, 1, 1, 1, 1, 1, 0, 1, 1, 1, 1, 1, 1, 1, 1, 1, 1, 0]
Location(s) [0.6, 1.0, 1.8, 2.4, 3.0, 3.5, 4.1, 5.3, 5.9, 7.0, 7.5, 8.2, 8.6, 9.4, 9.8, 10.5, 11.1, 11.5, 12.3, 13.4, 13.8, 14.6, 15.2, 15.8, 16.2, 16.9, 17.5, 17.9, 18.7]
test\b2_43.png
Loading "?-mark" found:  33
0, 1, 2, 3, 4, 5, 6, 7, 8, 9, 10, 11, 12, 13, 14, 15, 16, 17, 18, 19, 20, 21, 22, 23, 24, 25, 26, 27, 28, 29, 30, 31, 32, 
Prediction: [1, 1, 1, 1, 1, 1, 1, 1, 1, 1, 1, 1, 0, 1, 0, 1, 1, 1, 1, 1, 1, 1, 1, 1, 0, 1, 0, 1, 1, 1, 1, 1, 1]
Location(s) [0.2, 0.9, 1.4, 2.1, 2.7, 3.1, 3.9, 4.4, 5.0, 5.6, 6.0, 6.8, 8.0, 9.2, 9.8, 10.2, 10.9, 11.5, 12.1, 12.7, 13.1, 13.9, 15.1, 16.3, 16.7, 17.5, 18.0, 18.6, 19.1]
test\b2_44.png
Loading "?-mark" found:  34
0, 1, 2, 3, 4, 5, 6, 7, 8, 9, 10, 11, 12, 13, 14, 15, 16, 17, 18, 19, 20, 21, 22, 23, 24, 25, 26, 27, 28, 29, 30, 31, 32, 33, 
Prediction: [0, 0, 1, 1, 1, 1, 1, 0, 1, 1, 1, 1, 1, 1, 1, 1, 1, 1, 1, 1, 1, 1, 1, 1, 1, 1, 1, 1, 1, 1, 0, 1, 1, 1]
Location(s) [1.4, 2.1, 2.7, 3.1, 3.8, 5.0, 5.6, 6.2, 6.8, 7.4, 7.8, 8.5, 9.1, 9.7, 10.2, 10.9, 11.5, 12.1, 12.6, 13.3, 13.8, 14.4, 14.9, 15.4, 16.2, 16.7, 17.4, 18.5, 19.0, 19.7]
test\b2_45.png
Loading "?-mark" found:  35
0, 1, 2, 3, 4, 5, 6, 7, 8, 9, 10, 11, 12, 13, 14, 15, 16, 17, 18, 19, 20, 21, 22, 23, 24, 25, 26, 27, 28, 29, 30, 31, 32, 33, 34, 
Prediction: [1, 1, 1, 0, 1, 1, 1, 1, 1, 1, 1, 0, 1, 1, 1, 1, 1, 1, 1, 1, 1, 1, 0, 1, 1, 1, 1, 1, 1, 1, 1, 1, 1, 1, 1]
Location(s) [0.2, 0.7, 1.2, 2.5, 2.9, 3.6, 4.1, 4.7, 5.3, 5.7, 6.9, 7.6, 8.2, 8.8, 9.4, 10.0, 10.5, 11.1, 11.7, 12.3, 13.4, 14.0, 14.5, 15.1, 15.7, 16.2, 16.6, 17.4, 17.9, 18.5, 18.9, 19.6]
test\b2_46.png
Loading "?-mark" found:  34
0, 1, 2, 3, 4, 5, 6, 7, 8, 9, 10, 11, 12, 13, 14, 15, 16, 17, 18, 19, 20, 21, 22, 23, 24, 25, 26, 27, 28, 29, 30, 31, 32, 33, 
Prediction: [1, 1, 1, 1, 1, 0, 1, 1, 1, 1, 1, 1, 1, 1, 1, 1, 1, 1, 1, 1, 1, 1, 1, 1, 1, 1, 1, 1, 1, 1, 1, 1, 1, 1]
Location(s) [0.7, 1.3, 1.8, 2.2, 3.0, 4.1, 4.7, 5.2, 5.8, 6.4, 6.7, 7.5, 7.9, 8.6, 9.2, 9.8, 10.3, 10.9, 11.5, 12.0, 12.6, 13.2, 13.8, 14.3, 14.9, 15.3, 16.0, 16.6, 17.2, 17.6, 18.3, 18.9, 19.5]
test\b2_47.png
Loading "?-mark" found:  35
0, 1, 2, 3, 4, 5, 6, 7, 8, 9, 10, 11, 12, 13, 14, 15, 16, 17, 18, 19, 20, 21, 22, 23, 24, 25, 26, 27, 28, 29, 30, 31, 32, 33, 34, 
Prediction: [0, 1, 1, 1, 1, 1, 1, 1, 1, 1, 1, 1, 0, 1, 1, 0, 1, 1, 0, 0, 0, 0, 1, 1, 1, 1, 1, 1, 1, 1, 1, 1, 1, 1, 1]
Location(s) [1.1, 1.7, 2.2, 2.8, 3.4, 3.9, 4.5, 5.1, 5.6, 6.0, 6.8, 7.9, 8.5, 9.6, 10.2, 13.0, 13.6, 14.1, 14.7, 15.2, 15.8, 16.2, 16.9, 17.5, 18.1, 18.6, 19.2, 19.8]
test\b2_48.png
Loading "?-mark" found:  35
0, 1, 2, 3, 4, 5, 6, 7, 8, 9, 10, 11, 12, 13, 14, 15, 16, 17, 18, 19, 20, 21, 22, 23, 24, 25, 26, 27, 28, 29, 30, 31, 32, 33, 34, 
Prediction: [1, 1, 1, 1, 1, 1, 1, 1, 1, 1, 1, 1, 1, 1, 1, 1, 1, 1, 1, 1, 1, 1, 1, 1, 1, 1, 1, 1, 1, 1, 1, 1, 1, 1, 1]
Location(s) [0.2, 0.8, 1.4, 1.9, 2.3, 3.1, 3.5, 4.2, 4.6, 4.9, 5.9, 6.5, 7.0, 7.6, 8.2, 8.7, 9.3, 9.9, 10.5, 11.1, 11.6, 12.2, 12.8, 13.4, 13.9, 14.3, 15.1, 15.5, 16.2, 16.8, 17.4, 18.0, 18.4, 19.1, 19.7]
test\b2_49.png
Loading "?-mark" found:  34
0, 1, 2, 3, 4, 5, 6, 7, 8, 9, 10, 11, 12, 13, 14, 15, 16, 17, 18, 19, 20, 21, 22, 23, 24, 25, 26, 27, 28, 29, 30, 31, 32, 33, 
Prediction: [1, 1, 1, 1, 1, 0, 1, 1, 1, 1, 1, 1, 1, 1, 1, 1, 1, 1, 1, 1, 1, 0, 1, 1, 1, 1, 1, 1, 1, 1, 1, 1, 1, 1]
Location(s) [0.2, 0.8, 1.2, 2.0, 2.5, 3.7, 4.3, 4.9, 5.3, 6.0, 6.5, 7.2, 7.8, 8.2, 8.9, 9.5, 10.1, 10.7, 11.1, 11.9, 13.1, 13.7, 14.3, 14.8, 15.4, 15.8, 16.6, 17.0, 17.8, 18.2, 18.9, 19.5]
test\b2_50.png
Loading "?-mark" found:  33
0, 1, 2, 3, 4, 5, 6, 7, 8, 9, 10, 11, 12, 13, 14, 15, 16, 17, 18, 19, 20, 21, 22, 23, 24, 25, 26, 27, 28, 29, 30, 31, 32, 
Prediction: [1, 1, 1, 1, 1, 1, 1, 1, 1, 0, 1, 1, 1, 1, 1, 1, 1, 1, 1, 1, 1, 1, 1, 1, 1, 1, 1, 1, 1, 1, 1, 1, 1]
Location(s) [0.5, 1.2, 1.8, 2.4, 2.8, 3.6, 4.2, 4.6, 5.3, 6.5, 7.1, 7.7, 8.1, 8.8, 9.4, 10.0, 10.4, 11.2, 11.8, 12.3, 12.7, 13.5, 14.1, 14.7, 15.0, 15.8, 16.4, 17.0, 17.6, 18.2, 18.6, 19.3]
test\b2_51.png
Loading "?-mark" found:  34
0, 1, 2, 3, 4, 5, 6, 7, 8, 9, 10, 11, 12, 13, 14, 15, 16, 17, 18, 19, 20, 21, 22, 23, 24, 25, 26, 27, 28, 29, 30, 31, 32, 33, 
Prediction: [1, 1, 0, 1, 1, 1, 1, 1, 1, 1, 1, 1, 1, 1, 1, 1, 1, 1, 1, 1, 1, 1, 1, 1, 1, 1, 1, 0, 1, 1, 1, 1, 1, 1]
Location(s) [0.4, 1.0, 2.0, 2.7, 3.2, 3.9, 4.5, 5.1, 5.6, 6.2, 6.6, 7.4, 8.0, 8.5, 9.0, 9.6, 10.2, 10.6, 11.4, 11.8, 12.5, 13.1, 13.7, 14.1, 14.8, 15.4, 16.4, 17.1, 17.7, 18.3, 18.8, 19.4]
test\b2_52.png
Loading "?-mark" found:  34
0, 1, 2, 3, 4, 5, 6, 7, 8, 9, 10, 11, 12, 13, 14, 15, 16, 17, 18, 19, 20, 21, 22, 23, 24, 25, 26, 27, 28, 29, 30, 31, 32, 33, 
Prediction: [1, 1, 1, 1, 1, 1, 1, 1, 1, 1, 1, 1, 1, 1, 1, 1, 1, 1, 1, 1, 1, 1, 1, 1, 1, 1, 1, 1, 1, 1, 1, 1, 1, 1]
Location(s) [0.3, 1.1, 1.7, 2.2, 2.8, 3.4, 3.8, 4.5, 5.0, 5.7, 6.2, 6.6, 7.4, 7.9, 8.5, 9.1, 9.5, 10.2, 10.7, 11.4, 12.0, 12.3, 13.1, 13.5, 14.3, 14.8, 15.4, 16.0, 16.6, 17.0, 17.7, 18.3, 18.9, 19.3]
test\b2_53.png
Loading "?-mark" found:  34
0, 1, 2, 3, 4, 5, 6, 7, 8, 9, 10, 11, 12, 13, 14, 15, 16, 17, 18, 19, 20, 21, 22, 23, 24, 25, 26, 27, 28, 29, 30, 31, 32, 33, 
Prediction: [1, 1, 1, 1, 0, 1, 1, 1, 1, 1, 1, 1, 1, 1, 1, 1, 1, 1, 1, 1, 1, 1, 1, 1, 1, 1, 1, 1, 1, 1, 1, 1, 1, 0]
Location(s) [0.6, 1.1, 1.7, 2.3, 3.4, 3.9, 4.5, 5.1, 5.7, 6.1, 6.9, 7.3, 8.0, 8.6, 9.2, 9.8, 10.4, 11.0, 11.5, 12.1, 12.5, 13.2, 13.7, 14.4, 15.0, 15.6, 16.0, 16.4, 17.3, 17.8, 18.5, 19.1]
test\b2_54.png
Loading "?-mark" found:  34
0, 1, 2, 3, 4, 5, 6, 7, 8, 9, 10, 11, 12, 13, 14, 15, 16, 17, 18, 19, 20, 21, 22, 23, 24, 25, 26, 27, 28, 29, 30, 31, 32, 33, 
Prediction: [1, 1, 1, 1, 1, 1, 1, 1, 1, 1, 1, 1, 1, 1, 1, 1, 1, 1, 1, 1, 1, 1, 1, 0, 1, 1, 1, 1, 1, 1, 0, 1, 1, 1]
Location(s) [0.2, 0.8, 1.2, 1.9, 2.5, 3.1, 3.5, 4.2, 4.8, 5.4, 5.8, 6.5, 7.1, 7.7, 8.2, 8.9, 9.5, 10.1, 10.5, 11.2, 11.8, 12.2, 12.9, 14.1, 14.7, 15.2, 15.8, 16.2, 16.9, 18.1, 18.5, 19.3]
test\b2_55.png
Loading "?-mark" found:  33
0, 1, 2, 3, 4, 5, 6, 7, 8, 9, 10, 11, 12, 13, 14, 15, 16, 17, 18, 19, 20, 21, 22, 23, 24, 25, 26, 27, 28, 29, 30, 31, 32, 
Prediction: [1, 1, 1, 1, 1, 0, 1, 1, 0, 1, 1, 1, 1, 1, 1, 1, 1, 1, 1, 1, 1, 1, 1, 1, 1, 1, 1, 1, 1, 1, 1, 1, 1]
Location(s) [1.0, 1.6, 2.1, 2.5, 3.3, 4.5, 4.9, 6.2, 6.8, 7.4, 8.0, 8.4, 9.1, 9.7, 10.3, 10.9, 11.5, 12.1, 12.6, 13.2, 13.8, 14.2, 14.9, 15.5, 16.1, 16.6, 17.2, 17.6, 18.4, 18.9, 19.5]
test\b2_56.png
Loading "?-mark" found:  34
0, 1, 2, 3, 4, 5, 6, 7, 8, 9, 10, 11, 12, 13, 14, 15, 16, 17, 18, 19, 20, 21, 22, 23, 24, 25, 26, 27, 28, 29, 30, 31, 32, 33, 
Prediction: [1, 1, 1, 1, 1, 1, 1, 1, 1, 1, 1, 1, 1, 1, 1, 1, 1, 1, 0, 1, 1, 1, 1, 1, 1, 1, 1, 1, 1, 1, 1, 1, 1, 1]
Location(s) [0.6, 1.2, 1.7, 2.3, 2.9, 3.3, 4.0, 4.5, 5.2, 5.8, 6.4, 6.9, 7.4, 7.9, 8.7, 9.2, 9.8, 10.3, 11.6, 12.0, 12.7, 13.3, 13.9, 14.5, 15.1, 15.7, 16.2, 16.8, 17.2, 18.0, 18.4, 19.2, 19.8]
test\b2_57.png
Loading "?-mark" found:  34
0, 1, 2, 3, 4, 5, 6, 7, 8, 9, 10, 11, 12, 13, 14, 15, 16, 17, 18, 19, 20, 21, 22, 23, 24, 25, 26, 27, 28, 29, 30, 31, 32, 33, 
Prediction: [1, 1, 1, 1, 1, 1, 1, 1, 1, 1, 1, 1, 1, 1, 1, 1, 1, 1, 1, 1, 1, 1, 1, 1, 1, 1, 1, 1, 1, 1, 1, 1, 1, 1]
Location(s) [0.3, 0.8, 1.4, 1.8, 2.6, 3.2, 3.7, 4.3, 4.9, 5.3, 5.8, 6.6, 7.1, 7.8, 8.4, 9.0, 9.6, 10.1, 10.7, 11.1, 11.9, 12.4, 13.0, 13.6, 14.2, 14.6, 15.0, 15.9, 16.4, 17.1, 17.7, 18.1, 18.8, 19.3]
test\b2_58.png
Loading "?-mark" found:  34
0, 1, 2, 3, 4, 5, 6, 7, 8, 9, 10, 11, 12, 13, 14, 15, 16, 17, 18, 19, 20, 21, 22, 23, 24, 25, 26, 27, 28, 29, 30, 31, 32, 33, 
Prediction: [1, 1, 1, 1, 1, 1, 1, 1, 1, 1, 1, 1, 1, 1, 1, 1, 1, 1, 1, 1, 1, 1, 1, 1, 1, 1, 1, 1, 1, 1, 1, 1, 1, 0]
Location(s) [0.5, 0.9, 1.7, 2.2, 2.6, 3.4, 4.0, 4.6, 5.1, 5.7, 6.3, 6.7, 7.5, 8.0, 8.7, 9.3, 9.6, 10.4, 10.9, 11.6, 12.0, 12.7, 13.3, 13.7, 14.4, 15.0, 15.7, 16.1, 16.8, 17.4, 18.0, 18.4, 19.1]
test\b2_59.png
Loading "?-mark" found:  34
0, 1, 2, 3, 4, 5, 6, 7, 8, 9, 10, 11, 12, 13, 14, 15, 16, 17, 18, 19, 20, 21, 22, 23, 24, 25, 26, 27, 28, 29, 30, 31, 32, 33, 
Prediction: [1, 1, 1, 1, 1, 1, 1, 1, 1, 0, 1, 1, 1, 1, 1, 0, 1, 1, 0, 1, 1, 1, 1, 1, 0, 1, 1, 1, 0, 1, 1, 1, 1, 1]
Location(s) [0.3, 0.7, 1.4, 2.0, 2.6, 3.0, 3.8, 4.4, 5.0, 6.2, 6.7, 7.3, 7.7, 8.5, 9.7, 10.1, 11.4, 12.0, 12.6, 13.2, 13.6, 14.9, 15.5, 16.1, 17.2, 17.8, 18.4, 19.0, 19.6]
test\b2_60.png
Loading "?-mark" found:  33

0, 1, 2, 3, 4, 5, 6, 7, 8, 9, 10, 11, 12, 13, 14, 15, 16, 17, 18, 19, 20, 21, 22, 23, 24, 25, 26, 27, 28, 29, 30, 31, 32, 
Prediction: [1, 1, 1, 1, 1, 1, 1, 1, 1, 1, 1, 1, 1, 1, 1, 1, 1, 1, 0, 1, 1, 1, 1, 1, 1, 1, 1, 1, 0, 0, 1, 1, 1]
Location(s) [0.6, 1.2, 1.8, 2.4, 2.9, 3.5, 4.1, 4.6, 5.2, 5.6, 6.4, 6.9, 7.5, 7.9, 8.7, 9.1, 9.9, 10.5, 11.7, 12.1, 12.8, 13.4, 14.0, 14.4, 15.2, 15.8, 16.4, 17.9, 18.7, 19.3]
test\b2_61.png
Loading "?-mark" found:  33
0, 1, 2, 3, 4, 5, 6, 7, 8, 9, 10, 11, 12, 13, 14, 15, 16, 17, 18, 19, 20, 21, 22, 23, 24, 25, 26, 27, 28, 29, 30, 31, 32, 
Prediction: [1, 1, 1, 1, 1, 1, 1, 1, 1, 1, 1, 1, 1, 1, 1, 1, 1, 1, 1, 1, 1, 1, 1, 1, 1, 1, 1, 1, 1, 1, 1, 1, 1]
Location(s) [0.2, 1.0, 1.6, 2.1, 2.6, 3.3, 3.8, 4.5, 5.1, 5.7, 6.3, 6.7, 7.4, 8.0, 8.6, 9.0, 9.8, 10.4, 11.0, 11.4, 12.1, 12.6, 13.4, 14.0, 14.6, 15.0, 15.5, 16.3, 16.7, 17.2, 18.1, 18.7, 19.2]
test\b2_62.png
Loading "?-mark" found:  33
0, 1, 2, 3, 4, 5, 6, 7, 8, 9, 10, 11, 12, 13, 14, 15, 16, 17, 18, 19, 20, 21, 22, 23, 24, 25, 26, 27, 28, 29, 30, 31, 32, 
Prediction: [1, 1, 1, 1, 1, 0, 1, 1, 1, 1, 1, 1, 1, 1, 1, 1, 1, 1, 1, 1, 1, 1, 1, 1, 1, 1, 1, 1, 1, 1, 1, 1, 1]
Location(s) [0.4, 0.8, 1.5, 2.1, 2.7, 3.9, 4.5, 5.1, 5.5, 6.3, 6.9, 7.5, 7.9, 8.7, 9.2, 9.9, 10.5, 11.0, 11.6, 12.2, 12.8, 13.4, 13.8, 14.6, 15.1, 15.7, 16.1, 17.0, 17.6, 18.1, 18.5, 19.3]
test\b2_63.png
Loading "?-mark" found:  33
0, 1, 2, 3, 4, 5, 6, 7, 8, 9, 10, 11, 12, 13, 14, 15, 16, 17, 18, 19, 20, 21, 22, 23, 24, 25, 26, 27, 28, 29, 30, 31, 32, 
Prediction: [1, 1, 1, 1, 1, 0, 1, 1, 1, 0, 1, 1, 1, 0, 1, 1, 1, 1, 1, 1, 1, 1, 1, 1, 1, 0, 1, 1, 1, 1, 1, 0, 1]
Location(s) [0.5, 1.1, 1.7, 2.3, 2.9, 4.1, 4.7, 5.3, 6.5, 7.1, 7.7, 8.9, 9.5, 10.1, 10.5, 11.3, 11.9, 12.5, 12.9, 13.7, 14.3, 14.9, 16.1, 16.7, 17.4, 17.8, 18.5, 19.7]
test\b2_64.png
Loading "?-mark" found:  32
0, 1, 2, 3, 4, 5, 6, 7, 8, 9, 10, 11, 12, 13, 14, 15, 16, 17, 18, 19, 20, 21, 22, 23, 24, 25, 26, 27, 28, 29, 30, 31, 
Prediction: [1, 0, 1, 1, 1, 1, 1, 0, 1, 1, 1, 1, 1, 0, 1, 1, 1, 1, 1, 1, 1, 1, 1, 1, 1, 1, 1, 1, 1, 0, 1, 1]
Location(s) [0.9, 2.1, 2.5, 3.3, 3.9, 4.4, 5.6, 6.2, 6.8, 7.2, 8.0, 9.2, 9.6, 10.4, 11.0, 11.6, 12.0, 12.7, 13.3, 14.0, 14.3, 15.1, 15.7, 16.3, 16.7, 17.5, 18.7, 19.1]
test\b2_65.png
Loading "?-mark" found:  34
0, 1, 2, 3, 4, 5, 6, 7, 8, 9, 10, 11, 12, 13, 14, 15, 16, 17, 18, 19, 20, 21, 22, 23, 24, 25, 26, 27, 28, 29, 30, 31, 32, 33, 
Prediction: [1, 1, 1, 1, 1, 1, 1, 0, 0, 1, 1, 1, 1, 1, 1, 1, 1, 1, 1, 1, 1, 1, 1, 1, 1, 1, 1, 1, 1, 1, 1, 0, 1, 1]
Location(s) [0.4, 1.0, 1.4, 2.1, 2.7, 3.3, 3.8, 5.7, 6.1, 6.9, 7.5, 8.1, 8.5, 9.2, 9.8, 10.4, 10.9, 11.6, 12.2, 12.8, 13.3, 14.0, 14.6, 15.1, 15.7, 16.0, 16.9, 17.3, 18.1, 19.3, 19.8]
test\b2_66.png
Loading "?-mark" found:  34
0, 1, 2, 3, 4, 5, 6, 7, 8, 9, 10, 11, 12, 13, 14, 15, 16, 17, 18, 19, 20, 21, 22, 23, 24, 25, 26, 27, 28, 29, 30, 31, 32, 33, 
Prediction: [1, 1, 1, 1, 1, 1, 1, 1, 1, 1, 1, 1, 0, 1, 1, 1, 1, 1, 1, 1, 1, 1, 1, 1, 1, 1, 1, 1, 1, 1, 1, 1, 1, 0]
Location(s) [0.4, 1.0, 1.6, 2.1, 2.5, 3.3, 3.8, 4.5, 5.1, 5.7, 6.2, 6.8, 8.0, 8.6, 9.1, 9.7, 10.1, 10.9, 11.3, 12.0, 12.5, 13.1, 13.7, 14.3, 14.8, 15.4, 16.0, 16.5, 17.0, 17.4, 18.2, 18.8]
test\b2_67.png
Loading "?-mark" found:  35
0, 1, 2, 3, 4, 5, 6, 7, 8, 9, 10, 11, 12, 13, 14, 15, 16, 17, 18, 19, 20, 21, 22, 23, 24, 25, 26, 27, 28, 29, 30, 31, 32, 33, 34, 
Prediction: [1, 1, 1, 1, 1, 1, 1, 1, 1, 1, 1, 1, 1, 1, 0, 1, 1, 1, 1, 1, 1, 1, 1, 1, 1, 1, 1, 1, 1, 1, 1, 1, 1, 1, 1]
Location(s) [0.3, 0.7, 1.5, 2.1, 2.6, 3.2, 3.8, 4.2, 4.7, 5.1, 6.0, 6.5, 6.9, 7.7, 8.8, 9.2, 10.0, 10.5, 11.2, 11.8, 12.3, 12.9, 13.3, 14.0, 14.6, 15.1, 15.7, 16.3, 16.9, 17.4, 18.1, 18.6, 19.0, 19.7]
test\b2_68.png
Loading "?-mark" found:  34
0, 1, 2, 3, 4, 5, 6, 7, 8, 9, 10, 11, 12, 13, 14, 15, 16, 17, 18, 19, 20, 21, 22, 23, 24, 25, 26, 27, 28, 29, 30, 31, 32, 33, 
Prediction: [1, 1, 1, 1, 1, 1, 1, 1, 1, 1, 1, 1, 1, 1, 1, 1, 1, 1, 1, 1, 0, 1, 1, 1, 1, 1, 1, 1, 1, 1, 1, 1, 1, 1]
Location(s) [0.2, 0.8, 1.2, 2.0, 2.5, 3.1, 3.5, 4.1, 4.5, 5.4, 6.0, 6.6, 7.0, 7.7, 8.2, 8.9, 9.5, 10.0, 10.6, 11.2, 12.4, 13.0, 13.4, 14.1, 14.7, 15.3, 15.7, 16.5, 17.1, 17.7, 18.1, 18.8, 19.4]
test\b2_69.png
Loading "?-mark" found:  33
0, 1, 2, 3, 4, 5, 6, 7, 8, 9, 10, 11, 12, 13, 14, 15, 16, 17, 18, 19, 20, 21, 22, 23, 24, 25, 26, 27, 28, 29, 30, 31, 32, 
Prediction: [1, 1, 1, 1, 1, 1, 1, 1, 1, 1, 1, 1, 1, 1, 1, 1, 1, 1, 1, 1, 1, 1, 0, 1, 1, 1, 1, 1, 1, 1, 1, 1, 1]
Location(s) [0.3, 1.1, 1.7, 2.3, 2.7, 3.4, 4.0, 4.6, 5.0, 5.7, 6.3, 6.9, 7.3, 8.1, 8.7, 9.3, 9.7, 10.5, 11.1, 11.7, 12.1, 12.8, 14.0, 14.4, 15.2, 15.8, 16.4, 16.8, 17.6, 18.1, 18.7, 19.1]
test\b2_70.png
Loading "?-mark" found:  33
0, 1, 2, 3, 4, 5, 6, 7, 8, 9, 10, 11, 12, 13, 14, 15, 16, 17, 18, 19, 20, 21, 22, 23, 24, 25, 26, 27, 28, 29, 30, 31, 32, 
Prediction: [1, 1, 1, 1, 1, 1, 1, 1, 0, 1, 1, 1, 1, 1, 1, 1, 1, 1, 1, 1, 1, 1, 1, 1, 1, 1, 1, 1, 1, 0, 1, 1, 1]
Location(s) [0.4, 1.0, 1.4, 2.2, 2.8, 3.4, 3.8, 4.6, 5.7, 6.2, 6.9, 7.5, 8.0, 8.6, 9.2, 9.8, 10.4, 11.0, 11.6, 12.2, 12.7, 13.3, 13.9, 14.5, 14.9, 15.7, 16.2, 16.9, 18.1, 18.6, 19.3]
test\b2_71.png
Loading "?-mark" found:  33
0, 1, 2, 3, 4, 5, 6, 7, 8, 9, 10, 11, 12, 13, 14, 15, 16, 17, 18, 19, 20, 21, 22, 23, 24, 25, 26, 27, 28, 29, 30, 31, 32, 
Prediction: [1, 1, 1, 1, 1, 1, 1, 1, 1, 1, 1, 1, 1, 1, 1, 1, 1, 1, 1, 1, 0, 1, 1, 1, 1, 1, 1, 1, 1, 1, 1, 1, 1]
Location(s) [0.4, 0.9, 1.6, 2.2, 2.8, 3.3, 4.0, 4.6, 5.2, 5.7, 6.4, 7.0, 7.5, 8.0, 8.7, 9.3, 9.9, 10.4, 10.8, 11.7, 12.9, 13.5, 14.1, 14.5, 15.4, 15.9, 16.6, 17.2, 17.8, 18.4, 19.0, 19.6]
test\b2_72.png
Loading "?-mark" found:  33
0, 1, 2, 3, 4, 5, 6, 7, 8, 9, 10, 11, 12, 13, 14, 15, 16, 17, 18, 19, 20, 21, 22, 23, 24, 25, 26, 27, 28, 29, 30, 31, 32, 
Prediction: [0, 1, 1, 1, 1, 1, 1, 1, 1, 1, 1, 1, 1, 1, 1, 1, 1, 1, 1, 1, 1, 1, 1, 0, 1, 0, 1, 0, 1, 1, 1, 1, 1]
Location(s) [1.3, 1.7, 2.5, 3.1, 3.7, 4.1, 4.9, 5.4, 6.1, 6.6, 7.2, 7.7, 8.4, 9.0, 9.6, 10.1, 10.8, 11.4, 12.0, 12.5, 12.9, 13.7, 14.9, 16.1, 17.0, 17.9, 18.5, 19.1, 19.5]
test\b2_73.png
Loading "?-mark" found:  34
0, 1, 2, 3, 4, 5, 6, 7, 8, 9, 10, 11, 12, 13, 14, 15, 16, 17, 18, 19, 20, 21, 22, 23, 24, 25, 26, 27, 28, 29, 30, 31, 32, 33, 
Prediction: [1, 1, 1, 1, 1, 1, 1, 1, 1, 1, 1, 1, 1, 1, 1, 1, 1, 1, 1, 1, 0, 1, 1, 1, 1, 1, 1, 1, 1, 1, 1, 1, 1, 1]
Location(s) [0.2, 0.8, 1.4, 2.0, 2.6, 3.0, 3.8, 4.4, 5.0, 5.5, 6.1, 6.7, 7.3, 7.8, 8.5, 9.1, 9.7, 10.2, 10.6, 11.4, 12.4, 13.2, 13.8, 14.2, 15.0, 15.5, 16.1, 16.7, 17.3, 17.8, 18.5, 19.1, 19.5]
test\b2_74.png
Loading "?-mark" found:  34
0, 1, 2, 3, 4, 5, 6, 7, 8, 9, 10, 11, 12, 13, 14, 15, 16, 17, 18, 19, 20, 21, 22, 23, 24, 25, 26, 27, 28, 29, 30, 31, 32, 33, 
Prediction: [1, 1, 1, 1, 1, 1, 1, 1, 1, 1, 1, 1, 1, 1, 1, 1, 1, 1, 1, 1, 1, 1, 1, 1, 1, 1, 1, 1, 1, 1, 1, 1, 1, 1]
Location(s) [0.2, 0.8, 1.4, 1.8, 2.6, 3.2, 3.7, 4.1, 4.9, 5.5, 6.1, 6.5, 7.3, 7.9, 8.5, 8.9, 9.7, 10.3, 10.9, 11.3, 12.1, 12.7, 13.2, 13.6, 14.4, 15.0, 15.6, 16.0, 16.8, 17.4, 17.9, 18.4, 19.1, 19.7]
test\b2_75.png
Loading "?-mark" found:  34
0, 1, 2, 3, 4, 5, 6, 7, 8, 9, 10, 11, 12, 13, 14, 15, 16, 17, 18, 19, 20, 21, 22, 23, 24, 25, 26, 27, 28, 29, 30, 31, 32, 33, 
Prediction: [1, 1, 1, 1, 1, 1, 1, 1, 1, 1, 1, 1, 1, 1, 1, 1, 1, 1, 1, 1, 1, 1, 1, 1, 1, 1, 1, 1, 1, 1, 1, 1, 1, 1]
Location(s) [0.2, 0.6, 1.4, 2.0, 2.6, 3.0, 3.7, 4.3, 4.9, 5.3, 6.1, 6.7, 7.3, 7.7, 8.4, 9.1, 9.6, 10.1, 10.8, 11.4, 12.0, 12.4, 13.2, 13.8, 14.3, 14.7, 15.5, 16.1, 16.7, 17.1, 17.8, 18.5, 19.0, 19.5]
test\b2_76.png
Loading "?-mark" found:  33
0, 1, 2, 3, 4, 5, 6, 7, 8, 9, 10, 11, 12, 13, 14, 15, 16, 17, 18, 19, 20, 21, 22, 23, 24, 25, 26, 27, 28, 29, 30, 31, 32, 
Prediction: [1, 1, 1, 1, 1, 1, 1, 1, 1, 1, 1, 1, 1, 1, 1, 1, 1, 1, 1, 1, 1, 1, 1, 1, 1, 1, 1, 1, 1, 1, 1, 1, 1]
Location(s) [0.7, 1.3, 1.7, 2.5, 2.9, 3.6, 4.1, 4.8, 5.4, 6.0, 6.5, 7.1, 7.7, 8.3, 8.9, 9.3, 10.0, 10.6, 11.0, 11.8, 12.4, 13.1, 13.4, 14.2, 14.8, 15.4, 15.8, 16.6, 17.2, 17.8, 18.2, 19.0, 19.6]
test\b2_77.png
Loading "?-mark" found:  33
0, 1, 2, 3, 4, 5, 6, 7, 8, 9, 10, 11, 12, 13, 14, 15, 16, 17, 18, 19, 20, 21, 22, 23, 24, 25, 26, 27, 28, 29, 30, 31, 32, 
Prediction: [0, 1, 1, 1, 0, 1, 1, 1, 1, 1, 1, 1, 1, 1, 1, 1, 1, 1, 1, 1, 1, 1, 1, 1, 1, 1, 1, 1, 0, 1, 1, 1, 1]
Location(s) [1.3, 1.9, 2.5, 3.7, 4.3, 5.0, 5.4, 6.2, 6.8, 7.3, 7.7, 8.5, 9.1, 9.7, 10.1, 10.9, 11.5, 12.1, 12.5, 13.3, 13.9, 14.5, 14.9, 15.7, 16.3, 16.9, 18.1, 18.7, 19.3, 19.7]
test\b2_78.png
Loading "?-mark" found:  33

0, 1, 2, 3, 4, 5, 6, 7, 8, 9, 10, 11, 12, 13, 14, 15, 16, 17, 18, 19, 20, 21, 22, 23, 24, 25, 26, 27, 28, 29, 30, 31, 32, 
Prediction: [1, 1, 1, 1, 1, 1, 1, 1, 1, 1, 1, 1, 1, 1, 1, 1, 1, 1, 1, 1, 0, 1, 1, 1, 1, 1, 1, 1, 1, 1, 1, 1, 1]
Location(s) [0.4, 1.0, 1.6, 1.9, 2.8, 3.4, 4.0, 4.3, 5.1, 5.7, 6.3, 6.7, 7.5, 8.1, 8.7, 9.1, 9.9, 10.5, 11.1, 11.5, 12.9, 13.5, 13.9, 14.6, 15.2, 15.8, 16.2, 17.0, 17.5, 18.1, 18.7, 19.3]
test\b2_79.png
Loading "?-mark" found:  34
0, 1, 2, 3, 4, 5, 6, 7, 8, 9, 10, 11, 12, 13, 14, 15, 16, 17, 18, 19, 20, 21, 22, 23, 24, 25, 26, 27, 28, 29, 30, 31, 32, 33, 
Prediction: [1, 1, 1, 1, 1, 1, 1, 1, 1, 1, 1, 1, 1, 1, 1, 1, 1, 1, 1, 1, 1, 1, 1, 1, 1, 1, 1, 1, 1, 1, 1, 1, 1, 1]
Location(s) [0.2, 1.0, 1.6, 2.2, 2.6, 3.4, 3.9, 4.5, 4.9, 5.7, 6.3, 6.9, 7.3, 8.0, 8.6, 9.2, 9.5, 10.4, 10.9, 11.5, 11.9, 12.7, 13.3, 13.9, 14.3, 15.1, 15.7, 16.3, 16.7, 17.4, 18.0, 18.6, 19.0, 19.8]
test\b2_80.png
Loading "?-mark" found:  34
0, 1, 2, 3, 4, 5, 6, 7, 8, 9, 10, 11, 12, 13, 14, 15, 16, 17, 18, 19, 20, 21, 22, 23, 24, 25, 26, 27, 28, 29, 30, 31, 32, 33, 
Prediction: [1, 1, 1, 1, 1, 1, 1, 1, 1, 1, 1, 1, 1, 1, 1, 1, 1, 1, 1, 1, 1, 1, 1, 1, 1, 1, 1, 1, 1, 1, 1, 1, 1, 1]
Location(s) [0.3, 0.9, 1.3, 2.0, 2.6, 3.2, 3.6, 4.4, 5.0, 5.6, 6.0, 6.7, 7.3, 7.9, 8.3, 9.0, 9.6, 10.2, 10.6, 11.4, 12.0, 12.6, 13.0, 13.7, 14.3, 14.9, 15.3, 16.1, 16.7, 17.3, 17.7, 18.4, 19.0, 19.6]
test\b2_81.png
Loading "?-mark" found:  33
0, 1, 2, 3, 4, 5, 6, 7, 8, 9, 10, 11, 12, 13, 14, 15, 16, 17, 18, 19, 20, 21, 22, 23, 24, 25, 26, 27, 28, 29, 30, 31, 32, 
Prediction: [1, 1, 1, 1, 1, 1, 1, 1, 1, 1, 1, 1, 1, 1, 1, 1, 1, 1, 1, 1, 1, 1, 1, 1, 1, 1, 1, 1, 1, 1, 1, 1, 1]
Location(s) [0.7, 1.3, 1.9, 2.3, 3.1, 3.7, 4.3, 4.7, 5.5, 6.1, 6.7, 7.1, 7.9, 8.5, 9.1, 9.5, 10.3, 10.9, 11.5, 11.9, 12.7, 13.3, 13.8, 14.2, 15.0, 15.6, 16.2, 16.6, 17.4, 18.0, 18.6, 19.0, 19.8]
test\b2_82.png
Loading "?-mark" found:  33
0, 1, 2, 3, 4, 5, 6, 7, 8, 9, 10, 11, 12, 13, 14, 15, 16, 17, 18, 19, 20, 21, 22, 23, 24, 25, 26, 27, 28, 29, 30, 31, 32, 
Prediction: [1, 1, 1, 1, 1, 1, 1, 1, 1, 1, 1, 1, 1, 1, 1, 1, 1, 1, 1, 1, 1, 1, 1, 1, 1, 1, 1, 1, 1, 1, 1, 1, 1]
Location(s) [0.3, 0.9, 1.3, 2.1, 2.7, 3.3, 3.7, 4.5, 5.1, 5.7, 6.1, 6.5, 7.4, 7.9, 8.6, 9.1, 9.8, 10.4, 11.0, 11.6, 12.2, 12.8, 13.4, 13.8, 14.6, 15.1, 15.4, 16.3, 16.9, 17.5, 17.9, 18.7, 19.3]
test\b2_83.png
Loading "?-mark" found:  33
0, 1, 2, 3, 4, 5, 6, 7, 8, 9, 10, 11, 12, 13, 14, 15, 16, 17, 18, 19, 20, 21, 22, 23, 24, 25, 26, 27, 28, 29, 30, 31, 32, 
Prediction: [1, 1, 1, 1, 1, 1, 1, 1, 0, 1, 1, 1, 1, 1, 1, 1, 1, 1, 1, 1, 1, 1, 1, 1, 1, 1, 1, 1, 1, 1, 1, 1, 1]
Location(s) [0.2, 1.0, 1.6, 2.2, 2.6, 3.4, 4.0, 4.6, 5.7, 6.4, 6.9, 7.3, 8.1, 8.7, 9.3, 9.7, 10.5, 11.1, 11.7, 12.1, 12.9, 13.5, 14.1, 14.5, 15.3, 15.9, 16.5, 17.1, 17.7, 18.1, 18.9, 19.4]
test\b2_84.png
Loading "?-mark" found:  32
0, 1, 2, 3, 4, 5, 6, 7, 8, 9, 10, 11, 12, 13, 14, 15, 16, 17, 18, 19, 20, 21, 22, 23, 24, 25, 26, 27, 28, 29, 30, 31, 
Prediction: [1, 1, 1, 1, 1, 1, 1, 1, 1, 1, 1, 1, 1, 1, 1, 1, 1, 1, 1, 1, 1, 1, 1, 1, 1, 1, 1, 1, 1, 1, 1, 1]
Location(s) [0.5, 1.3, 1.8, 2.4, 3.1, 3.7, 4.3, 4.9, 5.3, 5.7, 6.7, 7.3, 7.9, 8.3, 9.1, 9.6, 10.4, 11.0, 11.6, 12.1, 12.8, 13.4, 13.9, 14.6, 15.2, 15.6, 16.4, 16.8, 17.6, 18.2, 18.6, 19.4]
test\b2_85.png
Loading "?-mark" found:  33
0, 1, 2, 3, 4, 5, 6, 7, 8, 9, 10, 11, 12, 13, 14, 15, 16, 17, 18, 19, 20, 21, 22, 23, 24, 25, 26, 27, 28, 29, 30, 31, 32, 
Prediction: [1, 1, 1, 1, 1, 1, 0, 1, 1, 1, 1, 1, 1, 1, 1, 1, 1, 0, 1, 1, 1, 0, 1, 1, 0, 1, 1, 1, 1, 1, 1, 1, 1]
Location(s) [0.6, 1.0, 1.8, 2.4, 3.0, 3.4, 4.7, 5.4, 6.0, 6.6, 7.2, 7.7, 8.1, 8.9, 9.5, 10.1, 11.3, 11.9, 12.5, 13.7, 14.3, 15.4, 16.1, 16.7, 17.3, 17.8, 18.5, 19.1, 19.7]
test\b2_86.png
Loading "?-mark" found:  32
0, 1, 2, 3, 4, 5, 6, 7, 8, 9, 10, 11, 12, 13, 14, 15, 16, 17, 18, 19, 20, 21, 22, 23, 24, 25, 26, 27, 28, 29, 30, 31, 
Prediction: [1, 1, 0, 1, 1, 1, 1, 1, 1, 1, 1, 1, 1, 0, 1, 1, 1, 1, 1, 1, 1, 1, 1, 1, 0, 1, 1, 1, 1, 1, 1, 1]
Location(s) [0.5, 1.4, 2.6, 3.2, 3.8, 4.3, 5.0, 5.6, 6.2, 6.7, 7.1, 8.0, 9.2, 9.8, 10.4, 10.9, 11.6, 12.1, 12.7, 13.3, 13.7, 14.5, 15.7, 16.3, 16.9, 17.5, 18.1, 18.7, 19.3]
test\b2_87.png
Loading "?-mark" found:  33
0, 1, 2, 3, 4, 5, 6, 7, 8, 9, 10, 11, 12, 13, 14, 15, 16, 17, 18, 19, 20, 21, 22, 23, 24, 25, 26, 27, 28, 29, 30, 31, 32, 
Prediction: [1, 1, 1, 1, 1, 1, 1, 1, 0, 1, 1, 1, 1, 1, 1, 1, 1, 1, 1, 0, 1, 1, 1, 1, 1, 1, 1, 1, 1, 1, 1, 1, 1]
Location(s) [0.2, 1.0, 1.4, 2.2, 2.8, 3.4, 3.8, 4.6, 5.8, 6.3, 7.0, 7.7, 8.3, 8.8, 9.1, 9.6, 10.6, 11.0, 12.4, 13.0, 13.6, 14.2, 14.5, 15.3, 15.8, 16.5, 17.1, 17.7, 18.2, 18.9, 19.5]
test\b2_88.png
Loading "?-mark" found:  33
0, 1, 2, 3, 4, 5, 6, 7, 8, 9, 10, 11, 12, 13, 14, 15, 16, 17, 18, 19, 20, 21, 22, 23, 24, 25, 26, 27, 28, 29, 30, 31, 32, 
Prediction: [1, 1, 1, 1, 1, 1, 1, 1, 1, 1, 1, 1, 1, 1, 0, 1, 1, 1, 1, 1, 1, 1, 1, 1, 1, 1, 1, 1, 1, 1, 1, 1, 1]
Location(s) [0.5, 1.2, 1.8, 2.4, 2.9, 3.3, 4.1, 4.6, 5.3, 5.8, 6.5, 7.1, 7.5, 8.3, 9.4, 10.0, 10.5, 11.2, 11.8, 12.4, 13.0, 13.6, 14.2, 14.6, 15.3, 15.9, 16.5, 17.1, 17.7, 18.2, 18.8, 19.3]
test\b2_89.png
Loading "?-mark" found:  33
0, 1, 2, 3, 4, 5, 6, 7, 8, 9, 10, 11, 12, 13, 14, 15, 16, 17, 18, 19, 20, 21, 22, 23, 24, 25, 26, 27, 28, 29, 30, 31, 32, 
Prediction: [1, 1, 1, 1, 1, 1, 1, 1, 1, 1, 0, 1, 0, 1, 0, 1, 1, 1, 1, 1, 1, 1, 1, 1, 1, 1, 0, 1, 1, 1, 1, 1, 1]
Location(s) [0.5, 1.0, 1.5, 1.9, 2.8, 3.2, 3.9, 4.5, 4.9, 5.7, 6.8, 8.0, 9.2, 9.6, 10.3, 11.0, 11.6, 12.2, 12.7, 13.1, 14.0, 14.6, 15.2, 16.3, 16.9, 17.5, 17.9, 18.7, 19.3]

Total images processed:  180
Time taken: 2564.7 sec